Archive member included to satisfy reference by file (symbol)

/home/frank/st/stm32cubeide_1.17.0/plugins/com.st.stm32cube.ide.mcu.externaltools.gnu-tools-for-stm32.12.3.rel1.linux64_1.1.0.202410170702/tools/bin/../lib/gcc/arm-none-eabi/12.3.1/../../../../arm-none-eabi/lib/thumb/v6-m/nofp/libc_nano.a(libc_a-exit.o)
                              /home/frank/st/stm32cubeide_1.17.0/plugins/com.st.stm32cube.ide.mcu.externaltools.gnu-tools-for-stm32.12.3.rel1.linux64_1.1.0.202410170702/tools/bin/../lib/gcc/arm-none-eabi/12.3.1/../../../../arm-none-eabi/lib/thumb/v6-m/nofp/crt0.o (exit)
/home/frank/st/stm32cubeide_1.17.0/plugins/com.st.stm32cube.ide.mcu.externaltools.gnu-tools-for-stm32.12.3.rel1.linux64_1.1.0.202410170702/tools/bin/../lib/gcc/arm-none-eabi/12.3.1/../../../../arm-none-eabi/lib/thumb/v6-m/nofp/libc_nano.a(libc_a-findfp.o)
                              /home/frank/st/stm32cubeide_1.17.0/plugins/com.st.stm32cube.ide.mcu.externaltools.gnu-tools-for-stm32.12.3.rel1.linux64_1.1.0.202410170702/tools/bin/../lib/gcc/arm-none-eabi/12.3.1/../../../../arm-none-eabi/lib/thumb/v6-m/nofp/libc_nano.a(libc_a-exit.o) (__stdio_exit_handler)
/home/frank/st/stm32cubeide_1.17.0/plugins/com.st.stm32cube.ide.mcu.externaltools.gnu-tools-for-stm32.12.3.rel1.linux64_1.1.0.202410170702/tools/bin/../lib/gcc/arm-none-eabi/12.3.1/../../../../arm-none-eabi/lib/thumb/v6-m/nofp/libc_nano.a(libc_a-fwalk.o)
                              /home/frank/st/stm32cubeide_1.17.0/plugins/com.st.stm32cube.ide.mcu.externaltools.gnu-tools-for-stm32.12.3.rel1.linux64_1.1.0.202410170702/tools/bin/../lib/gcc/arm-none-eabi/12.3.1/../../../../arm-none-eabi/lib/thumb/v6-m/nofp/libc_nano.a(libc_a-findfp.o) (_fwalk_sglue)
/home/frank/st/stm32cubeide_1.17.0/plugins/com.st.stm32cube.ide.mcu.externaltools.gnu-tools-for-stm32.12.3.rel1.linux64_1.1.0.202410170702/tools/bin/../lib/gcc/arm-none-eabi/12.3.1/../../../../arm-none-eabi/lib/thumb/v6-m/nofp/libc_nano.a(libc_a-sprintf.o)
                              ./Core/Src/main.o (sprintf)
/home/frank/st/stm32cubeide_1.17.0/plugins/com.st.stm32cube.ide.mcu.externaltools.gnu-tools-for-stm32.12.3.rel1.linux64_1.1.0.202410170702/tools/bin/../lib/gcc/arm-none-eabi/12.3.1/../../../../arm-none-eabi/lib/thumb/v6-m/nofp/libc_nano.a(libc_a-stdio.o)
                              /home/frank/st/stm32cubeide_1.17.0/plugins/com.st.stm32cube.ide.mcu.externaltools.gnu-tools-for-stm32.12.3.rel1.linux64_1.1.0.202410170702/tools/bin/../lib/gcc/arm-none-eabi/12.3.1/../../../../arm-none-eabi/lib/thumb/v6-m/nofp/libc_nano.a(libc_a-findfp.o) (__sread)
/home/frank/st/stm32cubeide_1.17.0/plugins/com.st.stm32cube.ide.mcu.externaltools.gnu-tools-for-stm32.12.3.rel1.linux64_1.1.0.202410170702/tools/bin/../lib/gcc/arm-none-eabi/12.3.1/../../../../arm-none-eabi/lib/thumb/v6-m/nofp/libc_nano.a(libc_a-memset.o)
                              /home/frank/st/stm32cubeide_1.17.0/plugins/com.st.stm32cube.ide.mcu.externaltools.gnu-tools-for-stm32.12.3.rel1.linux64_1.1.0.202410170702/tools/bin/../lib/gcc/arm-none-eabi/12.3.1/../../../../arm-none-eabi/lib/thumb/v6-m/nofp/crt0.o (memset)
/home/frank/st/stm32cubeide_1.17.0/plugins/com.st.stm32cube.ide.mcu.externaltools.gnu-tools-for-stm32.12.3.rel1.linux64_1.1.0.202410170702/tools/bin/../lib/gcc/arm-none-eabi/12.3.1/../../../../arm-none-eabi/lib/thumb/v6-m/nofp/libc_nano.a(libc_a-closer.o)
                              /home/frank/st/stm32cubeide_1.17.0/plugins/com.st.stm32cube.ide.mcu.externaltools.gnu-tools-for-stm32.12.3.rel1.linux64_1.1.0.202410170702/tools/bin/../lib/gcc/arm-none-eabi/12.3.1/../../../../arm-none-eabi/lib/thumb/v6-m/nofp/libc_nano.a(libc_a-stdio.o) (_close_r)
/home/frank/st/stm32cubeide_1.17.0/plugins/com.st.stm32cube.ide.mcu.externaltools.gnu-tools-for-stm32.12.3.rel1.linux64_1.1.0.202410170702/tools/bin/../lib/gcc/arm-none-eabi/12.3.1/../../../../arm-none-eabi/lib/thumb/v6-m/nofp/libc_nano.a(libc_a-reent.o)
                              /home/frank/st/stm32cubeide_1.17.0/plugins/com.st.stm32cube.ide.mcu.externaltools.gnu-tools-for-stm32.12.3.rel1.linux64_1.1.0.202410170702/tools/bin/../lib/gcc/arm-none-eabi/12.3.1/../../../../arm-none-eabi/lib/thumb/v6-m/nofp/libc_nano.a(libc_a-closer.o) (errno)
/home/frank/st/stm32cubeide_1.17.0/plugins/com.st.stm32cube.ide.mcu.externaltools.gnu-tools-for-stm32.12.3.rel1.linux64_1.1.0.202410170702/tools/bin/../lib/gcc/arm-none-eabi/12.3.1/../../../../arm-none-eabi/lib/thumb/v6-m/nofp/libc_nano.a(libc_a-impure.o)
                              /home/frank/st/stm32cubeide_1.17.0/plugins/com.st.stm32cube.ide.mcu.externaltools.gnu-tools-for-stm32.12.3.rel1.linux64_1.1.0.202410170702/tools/bin/../lib/gcc/arm-none-eabi/12.3.1/../../../../arm-none-eabi/lib/thumb/v6-m/nofp/libc_nano.a(libc_a-sprintf.o) (_impure_ptr)
[...]
Memory Configuration

Name             Origin             Length             Attributes
RAM              0x20000000         0x00001800         xrw
FLASH            0x08000000         0x00008000         xr
*default*        0x00000000         0xffffffff

Linker script and memory map

LOAD /home/frank/st/stm32cubeide_1.17.0/plugins/com.st.stm32cube.ide.mcu.externaltools.gnu-tools-for-stm32.12.3.rel1.linux64_1.1.0.202410170702/tools/bin/../lib/gcc/arm-none-eabi/12.3.1/thumb/v6-m/nofp/crti.o
LOAD /home/frank/st/stm32cubeide_1.17.0/plugins/com.st.stm32cube.ide.mcu.externaltools.gnu-tools-for-stm32.12.3.rel1.linux64_1.1.0.202410170702/tools/bin/../lib/gcc/arm-none-eabi/12.3.1/thumb/v6-m/nofp/crtbegin.o
LOAD /home/frank/st/stm32cubeide_1.17.0/plugins/com.st.stm32cube.ide.mcu.externaltools.gnu-tools-for-stm32.12.3.rel1.linux64_1.1.0.202410170702/tools/bin/../lib/gcc/arm-none-eabi/12.3.1/../../../../arm-none-eabi/lib/thumb/v6-m/nofp/crt0.o
LOAD ./Core/Src/eeprom.o
LOAD ./Core/Src/eeprom_climate_data.o
LOAD ./Core/Src/lcd.o
LOAD ./Core/Src/main.o
LOAD ./Core/Src/sht41.o
LOAD ./Core/Src/stm32f0xx_hal_msp.o
LOAD ./Core/Src/stm32f0xx_it.o
LOAD ./Core/Src/syscalls.o
LOAD ./Core/Src/sysmem.o
LOAD ./Core/Src/system_stm32f0xx.o
LOAD ./Core/Startup/startup_stm32f042k6tx.o
LOAD ./Drivers/STM32F0xx_HAL_Driver/Src/stm32f0xx_hal.o
LOAD ./Drivers/STM32F0xx_HAL_Driver/Src/stm32f0xx_hal_cortex.o
LOAD ./Drivers/STM32F0xx_HAL_Driver/Src/stm32f0xx_hal_dma.o
LOAD ./Drivers/STM32F0xx_HAL_Driver/Src/stm32f0xx_hal_exti.o
LOAD ./Drivers/STM32F0xx_HAL_Driver/Src/stm32f0xx_hal_flash.o
LOAD ./Drivers/STM32F0xx_HAL_Driver/Src/stm32f0xx_hal_flash_ex.o
LOAD ./Drivers/STM32F0xx_HAL_Driver/Src/stm32f0xx_hal_gpio.o
LOAD ./Drivers/STM32F0xx_HAL_Driver/Src/stm32f0xx_hal_i2c.o
LOAD ./Drivers/STM32F0xx_HAL_Driver/Src/stm32f0xx_hal_i2c_ex.o
LOAD ./Drivers/STM32F0xx_HAL_Driver/Src/stm32f0xx_hal_pwr.o
LOAD ./Drivers/STM32F0xx_HAL_Driver/Src/stm32f0xx_hal_pwr_ex.o
LOAD ./Drivers/STM32F0xx_HAL_Driver/Src/stm32f0xx_hal_rcc.o
LOAD ./Drivers/STM32F0xx_HAL_Driver/Src/stm32f0xx_hal_rcc_ex.o
LOAD ./Drivers/STM32F0xx_HAL_Driver/Src/stm32f0xx_hal_tim.o
LOAD ./Drivers/STM32F0xx_HAL_Driver/Src/stm32f0xx_hal_tim_ex.o
START GROUP
LOAD /home/frank/st/stm32cubeide_1.17.0/plugins/com.st.stm32cube.ide.mcu.externaltools.gnu-tools-for-stm32.12.3.rel1.linux64_1.1.0.202410170702/tools/bin/../lib/gcc/arm-none-eabi/12.3.1/../../../../arm-none-eabi/lib/thumb/v6-m/nofp/libc_nano.a
LOAD /home/frank/st/stm32cubeide_1.17.0/plugins/com.st.stm32cube.ide.mcu.externaltools.gnu-tools-for-stm32.12.3.rel1.linux64_1.1.0.202410170702/tools/bin/../lib/gcc/arm-none-eabi/12.3.1/../../../../arm-none-eabi/lib/thumb/v6-m/nofp/libm.a
END GROUP
START GROUP
LOAD /home/frank/st/stm32cubeide_1.17.0/plugins/com.st.stm32cube.ide.mcu.externaltools.gnu-tools-for-stm32.12.3.rel1.linux64_1.1.0.202410170702/tools/bin/../lib/gcc/arm-none-eabi/12.3.1/thumb/v6-m/nofp/libgcc.a
LOAD /home/frank/st/stm32cubeide_1.17.0/plugins/com.st.stm32cube.ide.mcu.externaltools.gnu-tools-for-stm32.12.3.rel1.linux64_1.1.0.202410170702/tools/bin/../lib/gcc/arm-none-eabi/12.3.1/../../../../arm-none-eabi/lib/thumb/v6-m/nofp/libc_nano.a
END GROUP
START GROUP
LOAD /home/frank/st/stm32cubeide_1.17.0/plugins/com.st.stm32cube.ide.mcu.externaltools.gnu-tools-for-stm32.12.3.rel1.linux64_1.1.0.202410170702/tools/bin/../lib/gcc/arm-none-eabi/12.3.1/thumb/v6-m/nofp/libgcc.a
LOAD /home/frank/st/stm32cubeide_1.17.0/plugins/com.st.stm32cube.ide.mcu.externaltools.gnu-tools-for-stm32.12.3.rel1.linux64_1.1.0.202410170702/tools/bin/../lib/gcc/arm-none-eabi/12.3.1/../../../../arm-none-eabi/lib/thumb/v6-m/nofp/libc_nano.a
LOAD /home/frank/st/stm32cubeide_1.17.0/plugins/com.st.stm32cube.ide.mcu.externaltools.gnu-tools-for-stm32.12.3.rel1.linux64_1.1.0.202410170702/tools/bin/../lib/gcc/arm-none-eabi/12.3.1/../../../../arm-none-eabi/lib/thumb/v6-m/nofp/libnosys.a
END GROUP
START GROUP
LOAD /home/frank/st/stm32cubeide_1.17.0/plugins/com.st.stm32cube.ide.mcu.externaltools.gnu-tools-for-stm32.12.3.rel1.linux64_1.1.0.202410170702/tools/bin/../lib/gcc/arm-none-eabi/12.3.1/thumb/v6-m/nofp/libgcc.a
LOAD /home/frank/st/stm32cubeide_1.17.0/plugins/com.st.stm32cube.ide.mcu.externaltools.gnu-tools-for-stm32.12.3.rel1.linux64_1.1.0.202410170702/tools/bin/../lib/gcc/arm-none-eabi/12.3.1/../../../../arm-none-eabi/lib/thumb/v6-m/nofp/libc_nano.a
LOAD /home/frank/st/stm32cubeide_1.17.0/plugins/com.st.stm32cube.ide.mcu.externaltools.gnu-tools-for-stm32.12.3.rel1.linux64_1.1.0.202410170702/tools/bin/../lib/gcc/arm-none-eabi/12.3.1/../../../../arm-none-eabi/lib/thumb/v6-m/nofp/libnosys.a
END GROUP
LOAD /home/frank/st/stm32cubeide_1.17.0/plugins/com.st.stm32cube.ide.mcu.externaltools.gnu-tools-for-stm32.12.3.rel1.linux64_1.1.0.202410170702/tools/bin/../lib/gcc/arm-none-eabi/12.3.1/thumb/v6-m/nofp/crtend.o
LOAD /home/frank/st/stm32cubeide_1.17.0/plugins/com.st.stm32cube.ide.mcu.externaltools.gnu-tools-for-stm32.12.3.rel1.linux64_1.1.0.202410170702/tools/bin/../lib/gcc/arm-none-eabi/12.3.1/thumb/v6-m/nofp/crtn.o
                0x20001800                        _estack = (ORIGIN (RAM) + LENGTH (RAM))
                0x00000200                        _Min_Heap_Size = 0x200
                0x00000400                        _Min_Stack_Size = 0x400

.isr_vector     0x08000000       0xc0
                0x08000000                        . = ALIGN (0x4)
 *(.isr_vector)
 .isr_vector    0x08000000       0xc0 ./Core/Startup/startup_stm32f042k6tx.o
                0x08000000                g_pfnVectors
                0x080000c0                        . = ALIGN (0x4)

.text           0x080000c0     0x64fc
                0x080000c0                        . = ALIGN (0x4)
 *(.text)
 .text          0x080000c0       0x48 /home/frank/st/stm32cubeide_1.17.0/plugins/com.st.stm32cube.ide.mcu.externaltools.gnu-tools-for-stm32.12.3.rel1.linux64_1.1.0.202410170702/tools/bin/../lib/gcc/arm-none-eabi/12.3.1/thumb/v6-m/nofp/crtbegin.o
 .text          0x08000108       0x14 /home/frank/st/stm32cubeide_1.17.0/plugins/com.st.stm32cube.ide.mcu.externaltools.gnu-tools-for-stm32.12.3.rel1.linux64_1.1.0.202410170702/tools/bin/../lib/gcc/arm-none-eabi/12.3.1/thumb/v6-m/nofp/libgcc.a(_thumb1_case_shi.o)
                0x08000108                __gnu_thumb1_case_shi
 .text          0x0800011c      0x114 /home/frank/st/stm32cubeide_1.17.0/plugins/com.st.stm32cube.ide.mcu.externaltools.gnu-tools-for-stm32.12.3.rel1.linux64_1.1.0.202410170702/tools/bin/../lib/gcc/arm-none-eabi/12.3.1/thumb/v6-m/nofp/libgcc.a(_udivsi3.o)
                0x0800011c                __udivsi3
                0x0800011c                __aeabi_uidiv
                0x08000228                __aeabi_uidivmod
 .text          0x08000230      0x1d4 /home/frank/st/stm32cubeide_1.17.0/plugins/com.st.stm32cube.ide.mcu.externaltools.gnu-tools-for-stm32.12.3.rel1.linux64_1.1.0.202410170702/tools/bin/../lib/gcc/arm-none-eabi/12.3.1/thumb/v6-m/nofp/libgcc.a(_divsi3.o)
                0x08000230                __aeabi_idiv
                0x08000230                __divsi3
                0x080003fc                __aeabi_idivmod
 .text          0x08000404        0x4 /home/frank/st/stm32cubeide_1.17.0/plugins/com.st.stm32cube.ide.mcu.externaltools.gnu-tools-for-stm32.12.3.rel1.linux64_1.1.0.202410170702/tools/bin/../lib/gcc/arm-none-eabi/12.3.1/thumb/v6-m/nofp/libgcc.a(_dvmd_tls.o)
                0x08000404                __aeabi_ldiv0
                0x08000404                __aeabi_idiv0
 .text          0x08000408       0x74 /home/frank/st/stm32cubeide_1.17.0/plugins/com.st.stm32cube.ide.mcu.externaltools.gnu-tools-for-stm32.12.3.rel1.linux64_1.1.0.202410170702/tools/bin/../lib/gcc/arm-none-eabi/12.3.1/thumb/v6-m/nofp/libgcc.a(_arm_cmpsf2.o)
                0x08000408                __aeabi_cfrcmple
                0x08000410                __aeabi_cfcmple
                0x08000410                __aeabi_cfcmpeq
                0x08000420                __aeabi_fcmpeq
                0x0800042c                __aeabi_fcmplt
                0x08000440                __aeabi_fcmple
                0x08000454                __aeabi_fcmpgt
                0x08000468                __aeabi_fcmpge
 .text          0x0800047c       0x50 /home/frank/st/stm32cubeide_1.17.0/plugins/com.st.stm32cube.ide.mcu.externaltools.gnu-tools-for-stm32.12.3.rel1.linux64_1.1.0.202410170702/tools/bin/../lib/gcc/arm-none-eabi/12.3.1/thumb/v6-m/nofp/libgcc.a(eqsf2.o)
                0x0800047c                __nesf2
                0x0800047c                __eqsf2
 .text          0x080004cc       0xa0 /home/frank/st/stm32cubeide_1.17.0/plugins/com.st.stm32cube.ide.mcu.externaltools.gnu-tools-for-stm32.12.3.rel1.linux64_1.1.0.202410170702/tools/bin/../lib/gcc/arm-none-eabi/12.3.1/thumb/v6-m/nofp/libgcc.a(gesf2.o)
                0x080004cc                __gtsf2
                0x080004cc                __gesf2
 .text          0x0800056c       0x9c /home/frank/st/stm32cubeide_1.17.0/plugins/com.st.stm32cube.ide.mcu.externaltools.gnu-tools-for-stm32.12.3.rel1.linux64_1.1.0.202410170702/tools/bin/../lib/gcc/arm-none-eabi/12.3.1/thumb/v6-m/nofp/libgcc.a(lesf2.o)
                0x0800056c                __lesf2
                0x0800056c                __ltsf2
 .text          0x08000608       0x40 /home/frank/st/stm32cubeide_1.17.0/plugins/com.st.stm32cube.ide.mcu.externaltools.gnu-tools-for-stm32.12.3.rel1.linux64_1.1.0.202410170702/tools/bin/../lib/gcc/arm-none-eabi/12.3.1/thumb/v6-m/nofp/libgcc.a(fixsfsi.o)
                0x08000608                __aeabi_f2iz
 .text          0x08000648      0x6c8 /home/frank/st/stm32cubeide_1.17.0/plugins/com.st.stm32cube.ide.mcu.externaltools.gnu-tools-for-stm32.12.3.rel1.linux64_1.1.0.202410170702/tools/bin/../lib/gcc/arm-none-eabi/12.3.1/thumb/v6-m/nofp/libgcc.a(adddf3.o)
                0x08000648                __aeabi_dadd
 .text          0x08000d10      0x634 /home/frank/st/stm32cubeide_1.17.0/plugins/com.st.stm32cube.ide.mcu.externaltools.gnu-tools-for-stm32.12.3.rel1.linux64_1.1.0.202410170702/tools/bin/../lib/gcc/arm-none-eabi/12.3.1/thumb/v6-m/nofp/libgcc.a(divdf3.o)
                0x08000d10                __aeabi_ddiv
 .text          0x08001344      0x590 /home/frank/st/stm32cubeide_1.17.0/plugins/com.st.stm32cube.ide.mcu.externaltools.gnu-tools-for-stm32.12.3.rel1.linux64_1.1.0.202410170702/tools/bin/../lib/gcc/arm-none-eabi/12.3.1/thumb/v6-m/nofp/libgcc.a(muldf3.o)
                0x08001344                __aeabi_dmul
 .text          0x080018d4      0x738 /home/frank/st/stm32cubeide_1.17.0/plugins/com.st.stm32cube.ide.mcu.externaltools.gnu-tools-for-stm32.12.3.rel1.linux64_1.1.0.202410170702/tools/bin/../lib/gcc/arm-none-eabi/12.3.1/thumb/v6-m/nofp/libgcc.a(subdf3.o)
                0x080018d4                __aeabi_dsub
 .text          0x0800200c       0x5c /home/frank/st/stm32cubeide_1.17.0/plugins/com.st.stm32cube.ide.mcu.externaltools.gnu-tools-for-stm32.12.3.rel1.linux64_1.1.0.202410170702/tools/bin/../lib/gcc/arm-none-eabi/12.3.1/thumb/v6-m/nofp/libgcc.a(floatsidf.o)
                0x0800200c                __aeabi_i2d
 .text          0x08002068       0x90 /home/frank/st/stm32cubeide_1.17.0/plugins/com.st.stm32cube.ide.mcu.externaltools.gnu-tools-for-stm32.12.3.rel1.linux64_1.1.0.202410170702/tools/bin/../lib/gcc/arm-none-eabi/12.3.1/thumb/v6-m/nofp/libgcc.a(extendsfdf2.o)
                0x08002068                __aeabi_f2d
 .text          0x080020f8      0x108 /home/frank/st/stm32cubeide_1.17.0/plugins/com.st.stm32cube.ide.mcu.externaltools.gnu-tools-for-stm32.12.3.rel1.linux64_1.1.0.202410170702/tools/bin/../lib/gcc/arm-none-eabi/12.3.1/thumb/v6-m/nofp/libgcc.a(truncdfsf2.o)
                0x080020f8                __aeabi_d2f
 .text          0x08002200       0x3c /home/frank/st/stm32cubeide_1.17.0/plugins/com.st.stm32cube.ide.mcu.externaltools.gnu-tools-for-stm32.12.3.rel1.linux64_1.1.0.202410170702/tools/bin/../lib/gcc/arm-none-eabi/12.3.1/thumb/v6-m/nofp/libgcc.a(_clzsi2.o)
                0x08002200                __clzsi2
 *(.text*)
 .text.eeprom_write_float
                0x0800223c       0xb4 ./Core/Src/eeprom_climate_data.o
 .text.eeprom_read_float
                0x080022f0       0xee ./Core/Src/eeprom_climate_data.o
 .text.init_climate_data
                0x080023de       0x5c ./Core/Src/eeprom_climate_data.o
                0x080023de                init_climate_data
 .text.update_climate_data_in_eeprom
                0x0800243a      0x10a ./Core/Src/eeprom_climate_data.o
                0x0800243a                update_climate_data_in_eeprom
 .text.read_eeprom_into_climate_data
                0x08002544       0x80 ./Core/Src/eeprom_climate_data.o
                0x08002544                read_eeprom_into_climate_data
 .text.write_eeprom_from_climate_data
                0x080025c4       0x80 ./Core/Src/eeprom_climate_data.o
                0x080025c4                write_eeprom_from_climate_data
 .text.reset_climate_data_eeprom
                0x08002644       0x88 ./Core/Src/eeprom_climate_data.o
                0x08002644                reset_climate_data_eeprom
 .text.lcd_send_command
                0x080026cc       0x86 ./Core/Src/lcd.o
 .text.lcd_send_data
                0x08002752       0x86 ./Core/Src/lcd.o
 .text.lcd_init_settings
                0x080027d8       0xd0 ./Core/Src/lcd.o
 .text.lcd_print_string
                0x080028a8       0x38 ./Core/Src/lcd.o
                0x080028a8                lcd_print_string
 .text.lcd_place_cursor
                0x080028e0       0x4c ./Core/Src/lcd.o
                0x080028e0                lcd_place_cursor
 .text.lcd_clear_display
                0x0800292c       0x20 ./Core/Src/lcd.o
                0x0800292c                lcd_clear_display
 .text.lcd_print_2_lines
                0x0800294c       0x4c ./Core/Src/lcd.o
                0x0800294c                lcd_print_2_lines
 .text.HAL_TIM_PeriodElapsedCallback
                0x08002998      0x118 ./Core/Src/main.o
                0x08002998                HAL_TIM_PeriodElapsedCallback
 .text.init_lcd_screens
                0x08002ab0       0x3c ./Core/Src/main.o
                0x08002ab0                init_lcd_screens
 .text.lcd_print_current_climate
                0x08002aec       0x7c ./Core/Src/main.o
                0x08002aec                lcd_print_current_climate
 .text.lcd_print_minmax_temp
                0x08002b68       0x7c ./Core/Src/main.o
                0x08002b68                lcd_print_minmax_temp
 .text.lcd_print_minmax_hum
                0x08002be4       0x7c ./Core/Src/main.o
                0x08002be4                lcd_print_minmax_hum
 .text.main     0x08002c60      0x134 ./Core/Src/main.o
                0x08002c60                main
 .text.SystemClock_Config
                0x08002d94       0xae ./Core/Src/main.o
                0x08002d94                SystemClock_Config
 *fill*         0x08002e42        0x2 
 .text.MX_I2C1_Init
                0x08002e44       0x80 ./Core/Src/main.o
 .text.MX_TIM2_Init
                0x08002ec4       0xb0 ./Core/Src/main.o
 .text.MX_GPIO_Init
                0x08002f74       0xb0 ./Core/Src/main.o
 .text.Error_Handler
                0x08003024        0xc ./Core/Src/main.o
                0x08003024                Error_Handler
 .text.get_temperature_sht41
                0x08003030      0x1ac ./Core/Src/sht41.o
                0x08003030                get_temperature_sht41
 .text.HAL_MspInit
                0x080031dc       0x48 ./Core/Src/stm32f0xx_hal_msp.o
                0x080031dc                HAL_MspInit
 .text.HAL_I2C_MspInit
                0x08003224       0x9c ./Core/Src/stm32f0xx_hal_msp.o
                0x08003224                HAL_I2C_MspInit
 .text.HAL_TIM_Base_MspInit
                0x080032c0       0x48 ./Core/Src/stm32f0xx_hal_msp.o
                0x080032c0                HAL_TIM_Base_MspInit
 .text.NMI_Handler
                0x08003308        0x8 ./Core/Src/stm32f0xx_it.o
                0x08003308                NMI_Handler
 .text.HardFault_Handler
                0x08003310        0x8 ./Core/Src/stm32f0xx_it.o
                0x08003310                HardFault_Handler
 .text.SVC_Handler
                0x08003318        0xa ./Core/Src/stm32f0xx_it.o
                0x08003318                SVC_Handler
 .text.PendSV_Handler
                0x08003322        0xa ./Core/Src/stm32f0xx_it.o
                0x08003322                PendSV_Handler
 .text.SysTick_Handler
                0x0800332c        0xe ./Core/Src/stm32f0xx_it.o
                0x0800332c                SysTick_Handler
 *fill*         0x0800333a        0x2 
 .text.TIM2_IRQHandler
                0x0800333c       0x18 ./Core/Src/stm32f0xx_it.o
                0x0800333c                TIM2_IRQHandler
 .text._sbrk    0x08003354       0x6c ./Core/Src/sysmem.o
                0x08003354                _sbrk
 .text.SystemInit
                0x080033c0        0xa ./Core/Src/system_stm32f0xx.o
                0x080033c0                SystemInit
 *fill*         0x080033ca        0x2 
 .text.Reset_Handler
                0x080033cc       0x80 ./Core/Startup/startup_stm32f042k6tx.o
                0x080033cc                Reset_Handler
 .text.Default_Handler
                0x0800344c        0x2 ./Core/Startup/startup_stm32f042k6tx.o
                0x0800344c                TIM1_CC_IRQHandler
                0x0800344c                TSC_IRQHandler
                0x0800344c                I2C1_IRQHandler
                0x0800344c                RCC_CRS_IRQHandler
                0x0800344c                SPI1_IRQHandler
                0x0800344c                EXTI2_3_IRQHandler
                0x0800344c                ADC1_IRQHandler
                0x0800344c                TIM17_IRQHandler
                0x0800344c                CEC_CAN_IRQHandler
                0x0800344c                RTC_IRQHandler
                0x0800344c                PVD_VDDIO2_IRQHandler
                0x0800344c                TIM16_IRQHandler
                0x0800344c                TIM3_IRQHandler
                0x0800344c                EXTI4_15_IRQHandler
                0x0800344c                DMA1_Channel1_IRQHandler
                0x0800344c                Default_Handler
                0x0800344c                TIM14_IRQHandler
                0x0800344c                DMA1_Channel4_5_IRQHandler
                0x0800344c                EXTI0_1_IRQHandler
                0x0800344c                USB_IRQHandler
                0x0800344c                SPI2_IRQHandler
                0x0800344c                WWDG_IRQHandler
                0x0800344c                DMA1_Channel2_3_IRQHandler
                0x0800344c                USART2_IRQHandler
                0x0800344c                FLASH_IRQHandler
                0x0800344c                USART1_IRQHandler
                0x0800344c                TIM1_BRK_UP_TRG_COM_IRQHandler
 *fill*         0x0800344e        0x2 
 .text.HAL_Init
                0x08003450       0x28 ./Drivers/STM32F0xx_HAL_Driver/Src/stm32f0xx_hal.o
                0x08003450                HAL_Init
 .text.HAL_InitTick
                0x08003478       0x68 ./Drivers/STM32F0xx_HAL_Driver/Src/stm32f0xx_hal.o
                0x08003478                HAL_InitTick
 .text.HAL_IncTick
                0x080034e0       0x24 ./Drivers/STM32F0xx_HAL_Driver/Src/stm32f0xx_hal.o
                0x080034e0                HAL_IncTick
 .text.HAL_GetTick
                0x08003504       0x14 ./Drivers/STM32F0xx_HAL_Driver/Src/stm32f0xx_hal.o
                0x08003504                HAL_GetTick
 .text.HAL_Delay
                0x08003518       0x48 ./Drivers/STM32F0xx_HAL_Driver/Src/stm32f0xx_hal.o
                0x08003518                HAL_Delay
 .text.__NVIC_EnableIRQ
                0x08003560       0x34 ./Drivers/STM32F0xx_HAL_Driver/Src/stm32f0xx_hal_cortex.o
 .text.__NVIC_SetPriority
                0x08003594       0xdc ./Drivers/STM32F0xx_HAL_Driver/Src/stm32f0xx_hal_cortex.o
 .text.SysTick_Config
                0x08003670       0x48 ./Drivers/STM32F0xx_HAL_Driver/Src/stm32f0xx_hal_cortex.o
 .text.HAL_NVIC_SetPriority
                0x080036b8       0x2a ./Drivers/STM32F0xx_HAL_Driver/Src/stm32f0xx_hal_cortex.o
                0x080036b8                HAL_NVIC_SetPriority
 .text.HAL_NVIC_EnableIRQ
                0x080036e2       0x20 ./Drivers/STM32F0xx_HAL_Driver/Src/stm32f0xx_hal_cortex.o
                0x080036e2                HAL_NVIC_EnableIRQ
 .text.HAL_SYSTICK_Config
                0x08003702       0x1a ./Drivers/STM32F0xx_HAL_Driver/Src/stm32f0xx_hal_cortex.o
                0x08003702                HAL_SYSTICK_Config
 .text.HAL_GPIO_Init
                0x0800371c      0x2d0 ./Drivers/STM32F0xx_HAL_Driver/Src/stm32f0xx_hal_gpio.o
                0x0800371c                HAL_GPIO_Init
 .text.HAL_GPIO_ReadPin
                0x080039ec       0x3a ./Drivers/STM32F0xx_HAL_Driver/Src/stm32f0xx_hal_gpio.o
                0x080039ec                HAL_GPIO_ReadPin
 .text.HAL_GPIO_WritePin
                0x08003a26       0x3a ./Drivers/STM32F0xx_HAL_Driver/Src/stm32f0xx_hal_gpio.o
                0x08003a26                HAL_GPIO_WritePin
 .text.HAL_I2C_Init
                0x08003a60      0x14c ./Drivers/STM32F0xx_HAL_Driver/Src/stm32f0xx_hal_i2c.o
                0x08003a60                HAL_I2C_Init
 .text.HAL_I2C_Master_Transmit
                0x08003bac      0x254 ./Drivers/STM32F0xx_HAL_Driver/Src/stm32f0xx_hal_i2c.o
                0x08003bac                HAL_I2C_Master_Transmit
 .text.HAL_I2C_Master_Receive
                0x08003e00      0x210 ./Drivers/STM32F0xx_HAL_Driver/Src/stm32f0xx_hal_i2c.o
                0x08003e00                HAL_I2C_Master_Receive
 .text.HAL_I2C_IsDeviceReady
                0x08004010      0x1f8 ./Drivers/STM32F0xx_HAL_Driver/Src/stm32f0xx_hal_i2c.o
                0x08004010                HAL_I2C_IsDeviceReady
 .text.I2C_Flush_TXDR
                0x08004208       0x44 ./Drivers/STM32F0xx_HAL_Driver/Src/stm32f0xx_hal_i2c.o
 .text.I2C_WaitOnFlagUntilTimeout
                0x0800424c       0xb0 ./Drivers/STM32F0xx_HAL_Driver/Src/stm32f0xx_hal_i2c.o
 .text.I2C_WaitOnTXISFlagUntilTimeout
                0x080042fc       0x8c ./Drivers/STM32F0xx_HAL_Driver/Src/stm32f0xx_hal_i2c.o
 .text.I2C_WaitOnSTOPFlagUntilTimeout
                0x08004388       0x86 ./Drivers/STM32F0xx_HAL_Driver/Src/stm32f0xx_hal_i2c.o
 *fill*         0x0800440e        0x2 
 .text.I2C_WaitOnRXNEFlagUntilTimeout
                0x08004410      0x13c ./Drivers/STM32F0xx_HAL_Driver/Src/stm32f0xx_hal_i2c.o
 .text.I2C_IsErrorOccurred
                0x0800454c      0x1f0 ./Drivers/STM32F0xx_HAL_Driver/Src/stm32f0xx_hal_i2c.o
 .text.I2C_TransferConfig
                0x0800473c       0x74 ./Drivers/STM32F0xx_HAL_Driver/Src/stm32f0xx_hal_i2c.o
 .text.HAL_I2CEx_ConfigAnalogFilter
                0x080047b0       0x98 ./Drivers/STM32F0xx_HAL_Driver/Src/stm32f0xx_hal_i2c_ex.o
                0x080047b0                HAL_I2CEx_ConfigAnalogFilter
 .text.HAL_I2CEx_ConfigDigitalFilter
                0x08004848       0x98 ./Drivers/STM32F0xx_HAL_Driver/Src/stm32f0xx_hal_i2c_ex.o
                0x08004848                HAL_I2CEx_ConfigDigitalFilter
 .text.HAL_RCC_OscConfig
                0x080048e0      0x70c ./Drivers/STM32F0xx_HAL_Driver/Src/stm32f0xx_hal_rcc.o
                0x080048e0                HAL_RCC_OscConfig
 .text.HAL_RCC_ClockConfig
                0x08004fec      0x1b4 ./Drivers/STM32F0xx_HAL_Driver/Src/stm32f0xx_hal_rcc.o
                0x08004fec                HAL_RCC_ClockConfig
 .text.HAL_RCC_GetSysClockFreq
                0x080051a0       0xe4 ./Drivers/STM32F0xx_HAL_Driver/Src/stm32f0xx_hal_rcc.o
                0x080051a0                HAL_RCC_GetSysClockFreq
 .text.HAL_RCCEx_PeriphCLKConfig
                0x08005284      0x1dc ./Drivers/STM32F0xx_HAL_Driver/Src/stm32f0xx_hal_rcc_ex.o
                0x08005284                HAL_RCCEx_PeriphCLKConfig
 .text.HAL_TIM_Base_Init
                0x08005460       0xa0 ./Drivers/STM32F0xx_HAL_Driver/Src/stm32f0xx_hal_tim.o
                0x08005460                HAL_TIM_Base_Init
 .text.HAL_TIM_Base_Start_IT
                0x08005500       0x98 ./Drivers/STM32F0xx_HAL_Driver/Src/stm32f0xx_hal_tim.o
                0x08005500                HAL_TIM_Base_Start_IT
 .text.HAL_TIM_IRQHandler
                0x08005598      0x1dc ./Drivers/STM32F0xx_HAL_Driver/Src/stm32f0xx_hal_tim.o
                0x08005598                HAL_TIM_IRQHandler
 .text.HAL_TIM_ConfigClockSource
                0x08005774      0x1a8 ./Drivers/STM32F0xx_HAL_Driver/Src/stm32f0xx_hal_tim.o
                0x08005774                HAL_TIM_ConfigClockSource
 .text.HAL_TIM_OC_DelayElapsedCallback
                0x0800591c       0x10 ./Drivers/STM32F0xx_HAL_Driver/Src/stm32f0xx_hal_tim.o
                0x0800591c                HAL_TIM_OC_DelayElapsedCallback
 .text.HAL_TIM_IC_CaptureCallback
                0x0800592c       0x10 ./Drivers/STM32F0xx_HAL_Driver/Src/stm32f0xx_hal_tim.o
                0x0800592c                HAL_TIM_IC_CaptureCallback
 .text.HAL_TIM_PWM_PulseFinishedCallback
                0x0800593c       0x10 ./Drivers/STM32F0xx_HAL_Driver/Src/stm32f0xx_hal_tim.o
                0x0800593c                HAL_TIM_PWM_PulseFinishedCallback
 .text.HAL_TIM_TriggerCallback
                0x0800594c       0x10 ./Drivers/STM32F0xx_HAL_Driver/Src/stm32f0xx_hal_tim.o
                0x0800594c                HAL_TIM_TriggerCallback
 .text.TIM_Base_SetConfig
                0x0800595c      0x108 ./Drivers/STM32F0xx_HAL_Driver/Src/stm32f0xx_hal_tim.o
                0x0800595c                TIM_Base_SetConfig
 .text.TIM_TI1_ConfigInputStage
                0x08005a64       0x5c ./Drivers/STM32F0xx_HAL_Driver/Src/stm32f0xx_hal_tim.o
 .text.TIM_TI2_ConfigInputStage
                0x08005ac0       0x64 ./Drivers/STM32F0xx_HAL_Driver/Src/stm32f0xx_hal_tim.o
 .text.TIM_ITRx_SetConfig
                0x08005b24       0x32 ./Drivers/STM32F0xx_HAL_Driver/Src/stm32f0xx_hal_tim.o
 *fill*         0x08005b56        0x2 
 .text.TIM_ETR_SetConfig
                0x08005b58       0x40 ./Drivers/STM32F0xx_HAL_Driver/Src/stm32f0xx_hal_tim.o
                0x08005b58                TIM_ETR_SetConfig
 .text.HAL_TIMEx_MasterConfigSynchronization
                0x08005b98       0xb0 ./Drivers/STM32F0xx_HAL_Driver/Src/stm32f0xx_hal_tim_ex.o
                0x08005b98                HAL_TIMEx_MasterConfigSynchronization
 .text.HAL_TIMEx_CommutCallback
                0x08005c48       0x10 ./Drivers/STM32F0xx_HAL_Driver/Src/stm32f0xx_hal_tim_ex.o
                0x08005c48                HAL_TIMEx_CommutCallback
 .text.HAL_TIMEx_BreakCallback
                0x08005c58       0x10 ./Drivers/STM32F0xx_HAL_Driver/Src/stm32f0xx_hal_tim_ex.o
                0x08005c58                HAL_TIMEx_BreakCallback
 .text.sprintf  0x08005c68       0x40 /home/frank/st/stm32cubeide_1.17.0/plugins/com.st.stm32cube.ide.mcu.externaltools.gnu-tools-for-stm32.12.3.rel1.linux64_1.1.0.202410170702/tools/bin/../lib/gcc/arm-none-eabi/12.3.1/../../../../arm-none-eabi/lib/thumb/v6-m/nofp/libc_nano.a(libc_a-sprintf.o)
                0x08005c68                sprintf
                0x08005c68                siprintf
 .text.memset   0x08005ca8       0x10 /home/frank/st/stm32cubeide_1.17.0/plugins/com.st.stm32cube.ide.mcu.externaltools.gnu-tools-for-stm32.12.3.rel1.linux64_1.1.0.202410170702/tools/bin/../lib/gcc/arm-none-eabi/12.3.1/../../../../arm-none-eabi/lib/thumb/v6-m/nofp/libc_nano.a(libc_a-memset.o)
                0x08005ca8                memset
 .text.__errno  0x08005cb8        0xc /home/frank/st/stm32cubeide_1.17.0/plugins/com.st.stm32cube.ide.mcu.externaltools.gnu-tools-for-stm32.12.3.rel1.linux64_1.1.0.202410170702/tools/bin/../lib/gcc/arm-none-eabi/12.3.1/../../../../arm-none-eabi/lib/thumb/v6-m/nofp/libc_nano.a(libc_a-errno.o)
                0x08005cb8                __errno
 .text.__libc_init_array
                0x08005cc4       0x48 /home/frank/st/stm32cubeide_1.17.0/plugins/com.st.stm32cube.ide.mcu.externaltools.gnu-tools-for-stm32.12.3.rel1.linux64_1.1.0.202410170702/tools/bin/../lib/gcc/arm-none-eabi/12.3.1/../../../../arm-none-eabi/lib/thumb/v6-m/nofp/libc_nano.a(libc_a-init.o)
                0x08005cc4                __libc_init_array
 .text.__retarget_lock_acquire_recursive
                0x08005d0c        0x2 /home/frank/st/stm32cubeide_1.17.0/plugins/com.st.stm32cube.ide.mcu.externaltools.gnu-tools-for-stm32.12.3.rel1.linux64_1.1.0.202410170702/tools/bin/../lib/gcc/arm-none-eabi/12.3.1/../../../../arm-none-eabi/lib/thumb/v6-m/nofp/libc_nano.a(libc_a-lock.o)
                0x08005d0c                __retarget_lock_acquire_recursive
 .text.__retarget_lock_release_recursive
                0x08005d0e        0x2 /home/frank/st/stm32cubeide_1.17.0/plugins/com.st.stm32cube.ide.mcu.externaltools.gnu-tools-for-stm32.12.3.rel1.linux64_1.1.0.202410170702/tools/bin/../lib/gcc/arm-none-eabi/12.3.1/../../../../arm-none-eabi/lib/thumb/v6-m/nofp/libc_nano.a(libc_a-lock.o)
                0x08005d0e                __retarget_lock_release_recursive
 .text.memcpy   0x08005d10       0x12 /home/frank/st/stm32cubeide_1.17.0/plugins/com.st.stm32cube.ide.mcu.externaltools.gnu-tools-for-stm32.12.3.rel1.linux64_1.1.0.202410170702/tools/bin/../lib/gcc/arm-none-eabi/12.3.1/../../../../arm-none-eabi/lib/thumb/v6-m/nofp/libc_nano.a(libc_a-memcpy-stub.o)
                0x08005d10                memcpy
 *fill*         0x08005d22        0x2 
 .text._free_r  0x08005d24       0x94 /home/frank/st/stm32cubeide_1.17.0/plugins/com.st.stm32cube.ide.mcu.externaltools.gnu-tools-for-stm32.12.3.rel1.linux64_1.1.0.202410170702/tools/bin/../lib/gcc/arm-none-eabi/12.3.1/../../../../arm-none-eabi/lib/thumb/v6-m/nofp/libc_nano.a(libc_a-freer.o)
                0x08005d24                _free_r
 .text.sbrk_aligned
                0x08005db8       0x44 /home/frank/st/stm32cubeide_1.17.0/plugins/com.st.stm32cube.ide.mcu.externaltools.gnu-tools-for-stm32.12.3.rel1.linux64_1.1.0.202410170702/tools/bin/../lib/gcc/arm-none-eabi/12.3.1/../../../../arm-none-eabi/lib/thumb/v6-m/nofp/libc_nano.a(libc_a-mallocr.o)
 .text._malloc_r
                0x08005dfc      0x100 /home/frank/st/stm32cubeide_1.17.0/plugins/com.st.stm32cube.ide.mcu.externaltools.gnu-tools-for-stm32.12.3.rel1.linux64_1.1.0.202410170702/tools/bin/../lib/gcc/arm-none-eabi/12.3.1/../../../../arm-none-eabi/lib/thumb/v6-m/nofp/libc_nano.a(libc_a-mallocr.o)
                0x08005dfc                _malloc_r
 .text.__malloc_lock
                0x08005efc       0x10 /home/frank/st/stm32cubeide_1.17.0/plugins/com.st.stm32cube.ide.mcu.externaltools.gnu-tools-for-stm32.12.3.rel1.linux64_1.1.0.202410170702/tools/bin/../lib/gcc/arm-none-eabi/12.3.1/../../../../arm-none-eabi/lib/thumb/v6-m/nofp/libc_nano.a(libc_a-mlock.o)
                0x08005efc                __malloc_lock
 .text.__malloc_unlock
                0x08005f0c       0x10 /home/frank/st/stm32cubeide_1.17.0/plugins/com.st.stm32cube.ide.mcu.externaltools.gnu-tools-for-stm32.12.3.rel1.linux64_1.1.0.202410170702/tools/bin/../lib/gcc/arm-none-eabi/12.3.1/../../../../arm-none-eabi/lib/thumb/v6-m/nofp/libc_nano.a(libc_a-mlock.o)
                0x08005f0c                __malloc_unlock
 .text.__ssputs_r
                0x08005f1c       0xc0 /home/frank/st/stm32cubeide_1.17.0/plugins/com.st.stm32cube.ide.mcu.externaltools.gnu-tools-for-stm32.12.3.rel1.linux64_1.1.0.202410170702/tools/bin/../lib/gcc/arm-none-eabi/12.3.1/../../../../arm-none-eabi/lib/thumb/v6-m/nofp/libc_nano.a(libc_a-nano-svfprintf.o)
                0x08005f1c                __ssputs_r
 .text._svfprintf_r
                0x08005fdc      0x1fc /home/frank/st/stm32cubeide_1.17.0/plugins/com.st.stm32cube.ide.mcu.externaltools.gnu-tools-for-stm32.12.3.rel1.linux64_1.1.0.202410170702/tools/bin/../lib/gcc/arm-none-eabi/12.3.1/../../../../arm-none-eabi/lib/thumb/v6-m/nofp/libc_nano.a(libc_a-nano-svfprintf.o)
                0x08005fdc                _svfprintf_r
                0x08005fdc                _svfiprintf_r
 .text._printf_common
                0x080061d8       0xde /home/frank/st/stm32cubeide_1.17.0/plugins/com.st.stm32cube.ide.mcu.externaltools.gnu-tools-for-stm32.12.3.rel1.linux64_1.1.0.202410170702/tools/bin/../lib/gcc/arm-none-eabi/12.3.1/../../../../arm-none-eabi/lib/thumb/v6-m/nofp/libc_nano.a(libc_a-nano-vfprintf_i.o)
                0x080061d8                _printf_common
 *fill*         0x080062b6        0x2 
 .text._printf_i
                0x080062b8      0x21c /home/frank/st/stm32cubeide_1.17.0/plugins/com.st.stm32cube.ide.mcu.externaltools.gnu-tools-for-stm32.12.3.rel1.linux64_1.1.0.202410170702/tools/bin/../lib/gcc/arm-none-eabi/12.3.1/../../../../arm-none-eabi/lib/thumb/v6-m/nofp/libc_nano.a(libc_a-nano-vfprintf_i.o)
                0x080062b8                _printf_i
 .text.memmove  0x080064d4       0x26 /home/frank/st/stm32cubeide_1.17.0/plugins/com.st.stm32cube.ide.mcu.externaltools.gnu-tools-for-stm32.12.3.rel1.linux64_1.1.0.202410170702/tools/bin/../lib/gcc/arm-none-eabi/12.3.1/../../../../arm-none-eabi/lib/thumb/v6-m/nofp/libc_nano.a(libc_a-memmove.o)
                0x080064d4                memmove
 *fill*         0x080064fa        0x2 
 .text._sbrk_r  0x080064fc       0x24 /home/frank/st/stm32cubeide_1.17.0/plugins/com.st.stm32cube.ide.mcu.externaltools.gnu-tools-for-stm32.12.3.rel1.linux64_1.1.0.202410170702/tools/bin/../lib/gcc/arm-none-eabi/12.3.1/../../../../arm-none-eabi/lib/thumb/v6-m/nofp/libc_nano.a(libc_a-sbrkr.o)
                0x080064fc                _sbrk_r
 .text.memchr   0x08006520       0x16 /home/frank/st/stm32cubeide_1.17.0/plugins/com.st.stm32cube.ide.mcu.externaltools.gnu-tools-for-stm32.12.3.rel1.linux64_1.1.0.202410170702/tools/bin/../lib/gcc/arm-none-eabi/12.3.1/../../../../arm-none-eabi/lib/thumb/v6-m/nofp/libc_nano.a(libc_a-memchr-stub.o)
                0x08006520                memchr
 .text._realloc_r
                0x08006536       0x5e /home/frank/st/stm32cubeide_1.17.0/plugins/com.st.stm32cube.ide.mcu.externaltools.gnu-tools-for-stm32.12.3.rel1.linux64_1.1.0.202410170702/tools/bin/../lib/gcc/arm-none-eabi/12.3.1/../../../../arm-none-eabi/lib/thumb/v6-m/nofp/libc_nano.a(libc_a-reallocr.o)
                0x08006536                _realloc_r
 .text._malloc_usable_size_r
                0x08006594       0x10 /home/frank/st/stm32cubeide_1.17.0/plugins/com.st.stm32cube.ide.mcu.externaltools.gnu-tools-for-stm32.12.3.rel1.linux64_1.1.0.202410170702/tools/bin/../lib/gcc/arm-none-eabi/12.3.1/../../../../arm-none-eabi/lib/thumb/v6-m/nofp/libc_nano.a(libc_a-msizer.o)
                0x08006594                _malloc_usable_size_r
 *(.glue_7)
 .glue_7        0x080065a4        0x0 linker stubs
 *(.glue_7t)
 .glue_7t       0x080065a4        0x0 linker stubs
 *(.eh_frame)
 .eh_frame      0x080065a4        0x0 /home/frank/st/stm32cubeide_1.17.0/plugins/com.st.stm32cube.ide.mcu.externaltools.gnu-tools-for-stm32.12.3.rel1.linux64_1.1.0.202410170702/tools/bin/../lib/gcc/arm-none-eabi/12.3.1/thumb/v6-m/nofp/crtbegin.o
 *(.init)
 .init          0x080065a4        0x4 /home/frank/st/stm32cubeide_1.17.0/plugins/com.st.stm32cube.ide.mcu.externaltools.gnu-tools-for-stm32.12.3.rel1.linux64_1.1.0.202410170702/tools/bin/../lib/gcc/arm-none-eabi/12.3.1/thumb/v6-m/nofp/crti.o
                0x080065a4                _init
 .init          0x080065a8        0x8 /home/frank/st/stm32cubeide_1.17.0/plugins/com.st.stm32cube.ide.mcu.externaltools.gnu-tools-for-stm32.12.3.rel1.linux64_1.1.0.202410170702/tools/bin/../lib/gcc/arm-none-eabi/12.3.1/thumb/v6-m/nofp/crtn.o
 *(.fini)
 .fini          0x080065b0        0x4 /home/frank/st/stm32cubeide_1.17.0/plugins/com.st.stm32cube.ide.mcu.externaltools.gnu-tools-for-stm32.12.3.rel1.linux64_1.1.0.202410170702/tools/bin/../lib/gcc/arm-none-eabi/12.3.1/thumb/v6-m/nofp/crti.o
                0x080065b0                _fini
 .fini          0x080065b4        0x8 /home/frank/st/stm32cubeide_1.17.0/plugins/com.st.stm32cube.ide.mcu.externaltools.gnu-tools-for-stm32.12.3.rel1.linux64_1.1.0.202410170702/tools/bin/../lib/gcc/arm-none-eabi/12.3.1/thumb/v6-m/nofp/crtn.o
                0x080065bc                        . = ALIGN (0x4)
                0x080065bc                        _etext = .

.vfp11_veneer   0x080065bc        0x0
 .vfp11_veneer  0x080065bc        0x0 linker stubs

.v4_bx          0x080065bc        0x0
 .v4_bx         0x080065bc        0x0 linker stubs

.iplt           0x080065bc        0x0
 .iplt          0x080065bc        0x0 /home/frank/st/stm32cubeide_1.17.0/plugins/com.st.stm32cube.ide.mcu.externaltools.gnu-tools-for-stm32.12.3.rel1.linux64_1.1.0.202410170702/tools/bin/../lib/gcc/arm-none-eabi/12.3.1/thumb/v6-m/nofp/crtbegin.o

.rodata         0x080065bc      0x120
                0x080065bc                        . = ALIGN (0x4)
 *(.rodata)
 .rodata        0x080065bc       0x79 ./Core/Src/main.o
 *fill*         0x08006635        0x3 
 .rodata        0x08006638       0x40 /home/frank/st/stm32cubeide_1.17.0/plugins/com.st.stm32cube.ide.mcu.externaltools.gnu-tools-for-stm32.12.3.rel1.linux64_1.1.0.202410170702/tools/bin/../lib/gcc/arm-none-eabi/12.3.1/thumb/v6-m/nofp/libgcc.a(divdf3.o)
 *(.rodata*)
 .rodata.AHBPrescTable
                0x08006678       0x10 ./Core/Src/system_stm32f0xx.o
                0x08006678                AHBPrescTable
 .rodata.aPLLMULFactorTable.1
                0x08006688       0x10 ./Drivers/STM32F0xx_HAL_Driver/Src/stm32f0xx_hal_rcc.o
 .rodata.aPredivFactorTable.0
                0x08006698       0x10 ./Drivers/STM32F0xx_HAL_Driver/Src/stm32f0xx_hal_rcc.o
 .rodata._svfprintf_r.str1.1
                0x080066a8       0x11 /home/frank/st/stm32cubeide_1.17.0/plugins/com.st.stm32cube.ide.mcu.externaltools.gnu-tools-for-stm32.12.3.rel1.linux64_1.1.0.202410170702/tools/bin/../lib/gcc/arm-none-eabi/12.3.1/../../../../arm-none-eabi/lib/thumb/v6-m/nofp/libc_nano.a(libc_a-nano-svfprintf.o)
 .rodata._printf_i.str1.1
                0x080066b9       0x22 /home/frank/st/stm32cubeide_1.17.0/plugins/com.st.stm32cube.ide.mcu.externaltools.gnu-tools-for-stm32.12.3.rel1.linux64_1.1.0.202410170702/tools/bin/../lib/gcc/arm-none-eabi/12.3.1/../../../../arm-none-eabi/lib/thumb/v6-m/nofp/libc_nano.a(libc_a-nano-vfprintf_i.o)
                0x080066dc                        . = ALIGN (0x4)
 *fill*         0x080066db        0x1 

.ARM.extab      0x080066dc        0x0
                0x080066dc                        . = ALIGN (0x4)
 *(.ARM.extab* .gnu.linkonce.armextab.*)
                0x080066dc                        . = ALIGN (0x4)

.ARM            0x080066dc        0x0
                0x080066dc                        . = ALIGN (0x4)
                0x080066dc                        __exidx_start = .
 *(.ARM.exidx*)
                0x080066dc                        __exidx_end = .
                0x080066dc                        . = ALIGN (0x4)

.preinit_array  0x080066dc        0x0
                0x080066dc                        . = ALIGN (0x4)
                0x080066dc                        PROVIDE (__preinit_array_start = .)
 *(.preinit_array*)
                0x080066dc                        PROVIDE (__preinit_array_end = .)
                0x080066dc                        . = ALIGN (0x4)

.init_array     0x080066dc        0x4
                0x080066dc                        . = ALIGN (0x4)
                0x080066dc                        PROVIDE (__init_array_start = .)
 *(SORT_BY_NAME(.init_array.*))
 *(.init_array*)
 .init_array    0x080066dc        0x4 /home/frank/st/stm32cubeide_1.17.0/plugins/com.st.stm32cube.ide.mcu.externaltools.gnu-tools-for-stm32.12.3.rel1.linux64_1.1.0.202410170702/tools/bin/../lib/gcc/arm-none-eabi/12.3.1/thumb/v6-m/nofp/crtbegin.o
                0x080066e0                        PROVIDE (__init_array_end = .)
                0x080066e0                        . = ALIGN (0x4)

.fini_array     0x080066e0        0x4
                0x080066e0                        . = ALIGN (0x4)
                [!provide]                        PROVIDE (__fini_array_start = .)
 *(SORT_BY_NAME(.fini_array.*))
 *(.fini_array*)
 .fini_array    0x080066e0        0x4 /home/frank/st/stm32cubeide_1.17.0/plugins/com.st.stm32cube.ide.mcu.externaltools.gnu-tools-for-stm32.12.3.rel1.linux64_1.1.0.202410170702/tools/bin/../lib/gcc/arm-none-eabi/12.3.1/thumb/v6-m/nofp/crtbegin.o
                [!provide]                        PROVIDE (__fini_array_end = .)
                0x080066e4                        . = ALIGN (0x4)
                0x080066e4                        _sidata = LOADADDR (.data)

.rel.dyn        0x080066e4        0x0
 .rel.iplt      0x080066e4        0x0 /home/frank/st/stm32cubeide_1.17.0/plugins/com.st.stm32cube.ide.mcu.externaltools.gnu-tools-for-stm32.12.3.rel1.linux64_1.1.0.202410170702/tools/bin/../lib/gcc/arm-none-eabi/12.3.1/thumb/v6-m/nofp/crtbegin.o

.data           0x20000000       0x60 load address 0x080066e4
                0x20000000                        . = ALIGN (0x4)
                0x20000000                        _sdata = .
 *(.data)
 *(.data*)
 .data.last_button_state.3
                0x20000000        0x1 ./Core/Src/main.o
 *fill*         0x20000001        0x3 
 .data.SystemCoreClock
                0x20000004        0x4 ./Core/Src/system_stm32f0xx.o
                0x20000004                SystemCoreClock
 .data.uwTickPrio
                0x20000008        0x4 ./Drivers/STM32F0xx_HAL_Driver/Src/stm32f0xx_hal.o
                0x20000008                uwTickPrio
 .data.uwTickFreq
                0x2000000c        0x1 ./Drivers/STM32F0xx_HAL_Driver/Src/stm32f0xx_hal.o
                0x2000000c                uwTickFreq
 *fill*         0x2000000d        0x3 
 .data._impure_ptr
                0x20000010        0x4 /home/frank/st/stm32cubeide_1.17.0/plugins/com.st.stm32cube.ide.mcu.externaltools.gnu-tools-for-stm32.12.3.rel1.linux64_1.1.0.202410170702/tools/bin/../lib/gcc/arm-none-eabi/12.3.1/../../../../arm-none-eabi/lib/thumb/v6-m/nofp/libc_nano.a(libc_a-impure.o)
                0x20000010                _impure_ptr
 .data._impure_data
                0x20000014       0x4c /home/frank/st/stm32cubeide_1.17.0/plugins/com.st.stm32cube.ide.mcu.externaltools.gnu-tools-for-stm32.12.3.rel1.linux64_1.1.0.202410170702/tools/bin/../lib/gcc/arm-none-eabi/12.3.1/../../../../arm-none-eabi/lib/thumb/v6-m/nofp/libc_nano.a(libc_a-impure.o)
                0x20000014                _impure_data
 *(.RamFunc)
 *(.RamFunc*)
                0x20000060                        . = ALIGN (0x4)
                0x20000060                        _edata = .

.igot.plt       0x20000060        0x0 load address 0x08006744
 .igot.plt      0x20000060        0x0 /home/frank/st/stm32cubeide_1.17.0/plugins/com.st.stm32cube.ide.mcu.externaltools.gnu-tools-for-stm32.12.3.rel1.linux64_1.1.0.202410170702/tools/bin/../lib/gcc/arm-none-eabi/12.3.1/thumb/v6-m/nofp/crtbegin.o
                0x20000060                        . = ALIGN (0x4)

.bss            0x20000060      0x244 load address 0x08006744
                0x20000060                        _sbss = .
                0x20000060                        __bss_start__ = _sbss
 *(.bss)
 .bss           0x20000060       0x1c /home/frank/st/stm32cubeide_1.17.0/plugins/com.st.stm32cube.ide.mcu.externaltools.gnu-tools-for-stm32.12.3.rel1.linux64_1.1.0.202410170702/tools/bin/../lib/gcc/arm-none-eabi/12.3.1/thumb/v6-m/nofp/crtbegin.o
 *(.bss*)
 .bss.initialized.0
                0x2000007c        0x1 ./Core/Src/lcd.o
 *fill*         0x2000007d        0x3 
 .bss.hi2c1     0x20000080       0x54 ./Core/Src/main.o
                0x20000080                hi2c1
 .bss.htim2     0x200000d4       0x48 ./Core/Src/main.o
                0x200000d4                htim2
 .bss.lcd_screens
                0x2000011c        0xc ./Core/Src/main.o
                0x2000011c                lcd_screens
 .bss.current_lcd_screen
                0x20000128        0x1 ./Core/Src/main.o
                0x20000128                current_lcd_screen
 .bss.lcd_update_pending
                0x20000129        0x1 ./Core/Src/main.o
                0x20000129                lcd_update_pending
 .bss.sample_pending
                0x2000012a        0x1 ./Core/Src/main.o
                0x2000012a                sample_pending
 .bss.reset_eeprom_flag
                0x2000012b        0x1 ./Core/Src/main.o
                0x2000012b                reset_eeprom_flag
 .bss.cdata     0x2000012c       0x1c ./Core/Src/main.o
                0x2000012c                cdata
 .bss.button_debounce_counter.4
                0x20000148        0x2 ./Core/Src/main.o
 .bss.button_hold_counter.2
                0x2000014a        0x2 ./Core/Src/main.o
 .bss.tick_counter.1
                0x2000014c        0x2 ./Core/Src/main.o
 *fill*         0x2000014e        0x2 
 .bss.led_tick_counter.0
                0x20000150        0x4 ./Core/Src/main.o
 .bss.__sbrk_heap_end
                0x20000154        0x4 ./Core/Src/sysmem.o
 .bss.uwTick    0x20000158        0x4 ./Drivers/STM32F0xx_HAL_Driver/Src/stm32f0xx_hal.o
                0x20000158                uwTick
 .bss.__sf      0x2000015c      0x138 /home/frank/st/stm32cubeide_1.17.0/plugins/com.st.stm32cube.ide.mcu.externaltools.gnu-tools-for-stm32.12.3.rel1.linux64_1.1.0.202410170702/tools/bin/../lib/gcc/arm-none-eabi/12.3.1/../../../../arm-none-eabi/lib/thumb/v6-m/nofp/libc_nano.a(libc_a-findfp.o)
                0x2000015c                __sf
 .bss.errno     0x20000294        0x4 /home/frank/st/stm32cubeide_1.17.0/plugins/com.st.stm32cube.ide.mcu.externaltools.gnu-tools-for-stm32.12.3.rel1.linux64_1.1.0.202410170702/tools/bin/../lib/gcc/arm-none-eabi/12.3.1/../../../../arm-none-eabi/lib/thumb/v6-m/nofp/libc_nano.a(libc_a-reent.o)
                0x20000294                errno
 .bss.__lock___malloc_recursive_mutex
                0x20000298        0x1 /home/frank/st/stm32cubeide_1.17.0/plugins/com.st.stm32cube.ide.mcu.externaltools.gnu-tools-for-stm32.12.3.rel1.linux64_1.1.0.202410170702/tools/bin/../lib/gcc/arm-none-eabi/12.3.1/../../../../arm-none-eabi/lib/thumb/v6-m/nofp/libc_nano.a(libc_a-lock.o)
                0x20000298                __lock___malloc_recursive_mutex
 *fill*         0x20000299        0x3 
 .bss.__malloc_sbrk_start
                0x2000029c        0x4 /home/frank/st/stm32cubeide_1.17.0/plugins/com.st.stm32cube.ide.mcu.externaltools.gnu-tools-for-stm32.12.3.rel1.linux64_1.1.0.202410170702/tools/bin/../lib/gcc/arm-none-eabi/12.3.1/../../../../arm-none-eabi/lib/thumb/v6-m/nofp/libc_nano.a(libc_a-mallocr.o)
                0x2000029c                __malloc_sbrk_start
 .bss.__malloc_free_list
                0x200002a0        0x4 /home/frank/st/stm32cubeide_1.17.0/plugins/com.st.stm32cube.ide.mcu.externaltools.gnu-tools-for-stm32.12.3.rel1.linux64_1.1.0.202410170702/tools/bin/../lib/gcc/arm-none-eabi/12.3.1/../../../../arm-none-eabi/lib/thumb/v6-m/nofp/libc_nano.a(libc_a-mallocr.o)
                0x200002a0                __malloc_free_list
 *(COMMON)
                0x200002a4                        . = ALIGN (0x4)
                0x200002a4                        _ebss = .
                0x200002a4                        __bss_end__ = _ebss

._user_heap_stack
                0x200002a4      0x604 load address 0x08006744
                0x200002a8                        . = ALIGN (0x8)
 *fill*         0x200002a4        0x4 
                [!provide]                        PROVIDE (end = .)
                0x200002a8                        PROVIDE (_end = .)
                0x200004a8                        . = (. + _Min_Heap_Size)
 *fill*         0x200002a8      0x200 
                0x200008a8                        . = (. + _Min_Stack_Size)
 *fill*         0x200004a8      0x400 
                0x200008a8                        . = ALIGN (0x8)

/DISCARD/
 libc.a(*)
 libm.a(*)
 libgcc.a(*)

.ARM.attributes
                0x00000000       0x28
 *(.ARM.attributes)
 .ARM.attributes
                0x00000000       0x1e /home/frank/st/stm32cubeide_1.17.0/plugins/com.st.stm32cube.ide.mcu.externaltools.gnu-tools-for-stm32.12.3.rel1.linux64_1.1.0.202410170702/tools/bin/../lib/gcc/arm-none-eabi/12.3.1/thumb/v6-m/nofp/crti.o
 .ARM.attributes
                0x0000001e       0x2c /home/frank/st/stm32cubeide_1.17.0/plugins/com.st.stm32cube.ide.mcu.externaltools.gnu-tools-for-stm32.12.3.rel1.linux64_1.1.0.202410170702/tools/bin/../lib/gcc/arm-none-eabi/12.3.1/thumb/v6-m/nofp/crtbegin.o
 .ARM.attributes
                0x0000004a       0x2c ./Core/Src/eeprom_climate_data.o
 .ARM.attributes
                0x00000076       0x2c ./Core/Src/lcd.o
 .ARM.attributes
                0x000000a2       0x2c ./Core/Src/main.o
 .ARM.attributes
                0x000000ce       0x2c ./Core/Src/sht41.o
 .ARM.attributes
                0x000000fa       0x2c ./Core/Src/stm32f0xx_hal_msp.o
 .ARM.attributes
                0x00000126       0x2c ./Core/Src/stm32f0xx_it.o
 .ARM.attributes
                0x00000152       0x2c ./Core/Src/sysmem.o
 .ARM.attributes
                0x0000017e       0x2c ./Core/Src/system_stm32f0xx.o
 .ARM.attributes
                0x000001aa       0x21 ./Core/Startup/startup_stm32f042k6tx.o
 .ARM.attributes
                0x000001cb       0x2c ./Drivers/STM32F0xx_HAL_Driver/Src/stm32f0xx_hal.o
 .ARM.attributes
                0x000001f7       0x2c ./Drivers/STM32F0xx_HAL_Driver/Src/stm32f0xx_hal_cortex.o
 .ARM.attributes
                0x00000223       0x2c ./Drivers/STM32F0xx_HAL_Driver/Src/stm32f0xx_hal_gpio.o
 .ARM.attributes
                0x0000024f       0x2c ./Drivers/STM32F0xx_HAL_Driver/Src/stm32f0xx_hal_i2c.o
 .ARM.attributes
                0x0000027b       0x2c ./Drivers/STM32F0xx_HAL_Driver/Src/stm32f0xx_hal_i2c_ex.o
 .ARM.attributes
                0x000002a7       0x2c ./Drivers/STM32F0xx_HAL_Driver/Src/stm32f0xx_hal_rcc.o
 .ARM.attributes
                0x000002d3       0x2c ./Drivers/STM32F0xx_HAL_Driver/Src/stm32f0xx_hal_rcc_ex.o
 .ARM.attributes
                0x000002ff       0x2c ./Drivers/STM32F0xx_HAL_Driver/Src/stm32f0xx_hal_tim.o
 .ARM.attributes
                0x0000032b       0x2c ./Drivers/STM32F0xx_HAL_Driver/Src/stm32f0xx_hal_tim_ex.o
 .ARM.attributes
                0x00000357       0x2c /home/frank/st/stm32cubeide_1.17.0/plugins/com.st.stm32cube.ide.mcu.externaltools.gnu-tools-for-stm32.12.3.rel1.linux64_1.1.0.202410170702/tools/bin/../lib/gcc/arm-none-eabi/12.3.1/../../../../arm-none-eabi/lib/thumb/v6-m/nofp/libc_nano.a(libc_a-findfp.o)
 .ARM.attributes
                0x00000383       0x2c /home/frank/st/stm32cubeide_1.17.0/plugins/com.st.stm32cube.ide.mcu.externaltools.gnu-tools-for-stm32.12.3.rel1.linux64_1.1.0.202410170702/tools/bin/../lib/gcc/arm-none-eabi/12.3.1/../../../../arm-none-eabi/lib/thumb/v6-m/nofp/libc_nano.a(libc_a-sprintf.o)
 .ARM.attributes
                0x000003af       0x2c /home/frank/st/stm32cubeide_1.17.0/plugins/com.st.stm32cube.ide.mcu.externaltools.gnu-tools-for-stm32.12.3.rel1.linux64_1.1.0.202410170702/tools/bin/../lib/gcc/arm-none-eabi/12.3.1/../../../../arm-none-eabi/lib/thumb/v6-m/nofp/libc_nano.a(libc_a-memset.o)
 .ARM.attributes
                0x000003db       0x2c /home/frank/st/stm32cubeide_1.17.0/plugins/com.st.stm32cube.ide.mcu.externaltools.gnu-tools-for-stm32.12.3.rel1.linux64_1.1.0.202410170702/tools/bin/../lib/gcc/arm-none-eabi/12.3.1/../../../../arm-none-eabi/lib/thumb/v6-m/nofp/libc_nano.a(libc_a-reent.o)
 .ARM.attributes
                0x00000407       0x2c /home/frank/st/stm32cubeide_1.17.0/plugins/com.st.stm32cube.ide.mcu.externaltools.gnu-tools-for-stm32.12.3.rel1.linux64_1.1.0.202410170702/tools/bin/../lib/gcc/arm-none-eabi/12.3.1/../../../../arm-none-eabi/lib/thumb/v6-m/nofp/libc_nano.a(libc_a-impure.o)
 .ARM.attributes
                0x00000433       0x2c /home/frank/st/stm32cubeide_1.17.0/plugins/com.st.stm32cube.ide.mcu.externaltools.gnu-tools-for-stm32.12.3.rel1.linux64_1.1.0.202410170702/tools/bin/../lib/gcc/arm-none-eabi/12.3.1/../../../../arm-none-eabi/lib/thumb/v6-m/nofp/libc_nano.a(libc_a-errno.o)
 .ARM.attributes
                0x0000045f       0x2c /home/frank/st/stm32cubeide_1.17.0/plugins/com.st.stm32cube.ide.mcu.externaltools.gnu-tools-for-stm32.12.3.rel1.linux64_1.1.0.202410170702/tools/bin/../lib/gcc/arm-none-eabi/12.3.1/../../../../arm-none-eabi/lib/thumb/v6-m/nofp/libc_nano.a(libc_a-init.o)
 .ARM.attributes
                0x0000048b       0x2c /home/frank/st/stm32cubeide_1.17.0/plugins/com.st.stm32cube.ide.mcu.externaltools.gnu-tools-for-stm32.12.3.rel1.linux64_1.1.0.202410170702/tools/bin/../lib/gcc/arm-none-eabi/12.3.1/../../../../arm-none-eabi/lib/thumb/v6-m/nofp/libc_nano.a(libc_a-lock.o)
 .ARM.attributes
                0x000004b7       0x2c /home/frank/st/stm32cubeide_1.17.0/plugins/com.st.stm32cube.ide.mcu.externaltools.gnu-tools-for-stm32.12.3.rel1.linux64_1.1.0.202410170702/tools/bin/../lib/gcc/arm-none-eabi/12.3.1/../../../../arm-none-eabi/lib/thumb/v6-m/nofp/libc_nano.a(libc_a-memcpy-stub.o)
 .ARM.attributes
                0x000004e3       0x2c /home/frank/st/stm32cubeide_1.17.0/plugins/com.st.stm32cube.ide.mcu.externaltools.gnu-tools-for-stm32.12.3.rel1.linux64_1.1.0.202410170702/tools/bin/../lib/gcc/arm-none-eabi/12.3.1/../../../../arm-none-eabi/lib/thumb/v6-m/nofp/libc_nano.a(libc_a-freer.o)
 .ARM.attributes
                0x0000050f       0x2c /home/frank/st/stm32cubeide_1.17.0/plugins/com.st.stm32cube.ide.mcu.externaltools.gnu-tools-for-stm32.12.3.rel1.linux64_1.1.0.202410170702/tools/bin/../lib/gcc/arm-none-eabi/12.3.1/../../../../arm-none-eabi/lib/thumb/v6-m/nofp/libc_nano.a(libc_a-mallocr.o)
 .ARM.attributes
                0x0000053b       0x2c /home/frank/st/stm32cubeide_1.17.0/plugins/com.st.stm32cube.ide.mcu.externaltools.gnu-tools-for-stm32.12.3.rel1.linux64_1.1.0.202410170702/tools/bin/../lib/gcc/arm-none-eabi/12.3.1/../../../../arm-none-eabi/lib/thumb/v6-m/nofp/libc_nano.a(libc_a-mlock.o)
 .ARM.attributes
                0x00000567       0x2c /home/frank/st/stm32cubeide_1.17.0/plugins/com.st.stm32cube.ide.mcu.externaltools.gnu-tools-for-stm32.12.3.rel1.linux64_1.1.0.202410170702/tools/bin/../lib/gcc/arm-none-eabi/12.3.1/../../../../arm-none-eabi/lib/thumb/v6-m/nofp/libc_nano.a(libc_a-nano-svfprintf.o)
 .ARM.attributes
                0x00000593       0x2c /home/frank/st/stm32cubeide_1.17.0/plugins/com.st.stm32cube.ide.mcu.externaltools.gnu-tools-for-stm32.12.3.rel1.linux64_1.1.0.202410170702/tools/bin/../lib/gcc/arm-none-eabi/12.3.1/../../../../arm-none-eabi/lib/thumb/v6-m/nofp/libc_nano.a(libc_a-nano-vfprintf_i.o)
 .ARM.attributes
                0x000005bf       0x2c /home/frank/st/stm32cubeide_1.17.0/plugins/com.st.stm32cube.ide.mcu.externaltools.gnu-tools-for-stm32.12.3.rel1.linux64_1.1.0.202410170702/tools/bin/../lib/gcc/arm-none-eabi/12.3.1/../../../../arm-none-eabi/lib/thumb/v6-m/nofp/libc_nano.a(libc_a-memmove.o)
 .ARM.attributes
                0x000005eb       0x2c /home/frank/st/stm32cubeide_1.17.0/plugins/com.st.stm32cube.ide.mcu.externaltools.gnu-tools-for-stm32.12.3.rel1.linux64_1.1.0.202410170702/tools/bin/../lib/gcc/arm-none-eabi/12.3.1/../../../../arm-none-eabi/lib/thumb/v6-m/nofp/libc_nano.a(libc_a-sbrkr.o)
 .ARM.attributes
                0x00000617       0x2c /home/frank/st/stm32cubeide_1.17.0/plugins/com.st.stm32cube.ide.mcu.externaltools.gnu-tools-for-stm32.12.3.rel1.linux64_1.1.0.202410170702/tools/bin/../lib/gcc/arm-none-eabi/12.3.1/../../../../arm-none-eabi/lib/thumb/v6-m/nofp/libc_nano.a(libc_a-memchr-stub.o)
 .ARM.attributes
                0x00000643       0x2c /home/frank/st/stm32cubeide_1.17.0/plugins/com.st.stm32cube.ide.mcu.externaltools.gnu-tools-for-stm32.12.3.rel1.linux64_1.1.0.202410170702/tools/bin/../lib/gcc/arm-none-eabi/12.3.1/../../../../arm-none-eabi/lib/thumb/v6-m/nofp/libc_nano.a(libc_a-reallocr.o)
 .ARM.attributes
                0x0000066f       0x2c /home/frank/st/stm32cubeide_1.17.0/plugins/com.st.stm32cube.ide.mcu.externaltools.gnu-tools-for-stm32.12.3.rel1.linux64_1.1.0.202410170702/tools/bin/../lib/gcc/arm-none-eabi/12.3.1/../../../../arm-none-eabi/lib/thumb/v6-m/nofp/libc_nano.a(libc_a-msizer.o)
 .ARM.attributes
                0x0000069b       0x1e /home/frank/st/stm32cubeide_1.17.0/plugins/com.st.stm32cube.ide.mcu.externaltools.gnu-tools-for-stm32.12.3.rel1.linux64_1.1.0.202410170702/tools/bin/../lib/gcc/arm-none-eabi/12.3.1/thumb/v6-m/nofp/libgcc.a(_thumb1_case_shi.o)
 .ARM.attributes
                0x000006b9       0x1e /home/frank/st/stm32cubeide_1.17.0/plugins/com.st.stm32cube.ide.mcu.externaltools.gnu-tools-for-stm32.12.3.rel1.linux64_1.1.0.202410170702/tools/bin/../lib/gcc/arm-none-eabi/12.3.1/thumb/v6-m/nofp/libgcc.a(_udivsi3.o)
 .ARM.attributes
                0x000006d7       0x1e /home/frank/st/stm32cubeide_1.17.0/plugins/com.st.stm32cube.ide.mcu.externaltools.gnu-tools-for-stm32.12.3.rel1.linux64_1.1.0.202410170702/tools/bin/../lib/gcc/arm-none-eabi/12.3.1/thumb/v6-m/nofp/libgcc.a(_divsi3.o)
 .ARM.attributes
                0x000006f5       0x1e /home/frank/st/stm32cubeide_1.17.0/plugins/com.st.stm32cube.ide.mcu.externaltools.gnu-tools-for-stm32.12.3.rel1.linux64_1.1.0.202410170702/tools/bin/../lib/gcc/arm-none-eabi/12.3.1/thumb/v6-m/nofp/libgcc.a(_dvmd_tls.o)
 .ARM.attributes
                0x00000713       0x1e /home/frank/st/stm32cubeide_1.17.0/plugins/com.st.stm32cube.ide.mcu.externaltools.gnu-tools-for-stm32.12.3.rel1.linux64_1.1.0.202410170702/tools/bin/../lib/gcc/arm-none-eabi/12.3.1/thumb/v6-m/nofp/libgcc.a(_arm_cmpsf2.o)
 .ARM.attributes
                0x00000731       0x2c /home/frank/st/stm32cubeide_1.17.0/plugins/com.st.stm32cube.ide.mcu.externaltools.gnu-tools-for-stm32.12.3.rel1.linux64_1.1.0.202410170702/tools/bin/../lib/gcc/arm-none-eabi/12.3.1/thumb/v6-m/nofp/libgcc.a(eqsf2.o)
 .ARM.attributes
                0x0000075d       0x2c /home/frank/st/stm32cubeide_1.17.0/plugins/com.st.stm32cube.ide.mcu.externaltools.gnu-tools-for-stm32.12.3.rel1.linux64_1.1.0.202410170702/tools/bin/../lib/gcc/arm-none-eabi/12.3.1/thumb/v6-m/nofp/libgcc.a(gesf2.o)
 .ARM.attributes
                0x00000789       0x2c /home/frank/st/stm32cubeide_1.17.0/plugins/com.st.stm32cube.ide.mcu.externaltools.gnu-tools-for-stm32.12.3.rel1.linux64_1.1.0.202410170702/tools/bin/../lib/gcc/arm-none-eabi/12.3.1/thumb/v6-m/nofp/libgcc.a(lesf2.o)
 .ARM.attributes
                0x000007b5       0x2c /home/frank/st/stm32cubeide_1.17.0/plugins/com.st.stm32cube.ide.mcu.externaltools.gnu-tools-for-stm32.12.3.rel1.linux64_1.1.0.202410170702/tools/bin/../lib/gcc/arm-none-eabi/12.3.1/thumb/v6-m/nofp/libgcc.a(fixsfsi.o)
 .ARM.attributes
                0x000007e1       0x2c /home/frank/st/stm32cubeide_1.17.0/plugins/com.st.stm32cube.ide.mcu.externaltools.gnu-tools-for-stm32.12.3.rel1.linux64_1.1.0.202410170702/tools/bin/../lib/gcc/arm-none-eabi/12.3.1/thumb/v6-m/nofp/libgcc.a(adddf3.o)
 .ARM.attributes
                0x0000080d       0x2c /home/frank/st/stm32cubeide_1.17.0/plugins/com.st.stm32cube.ide.mcu.externaltools.gnu-tools-for-stm32.12.3.rel1.linux64_1.1.0.202410170702/tools/bin/../lib/gcc/arm-none-eabi/12.3.1/thumb/v6-m/nofp/libgcc.a(divdf3.o)
 .ARM.attributes
                0x00000839       0x2c /home/frank/st/stm32cubeide_1.17.0/plugins/com.st.stm32cube.ide.mcu.externaltools.gnu-tools-for-stm32.12.3.rel1.linux64_1.1.0.202410170702/tools/bin/../lib/gcc/arm-none-eabi/12.3.1/thumb/v6-m/nofp/libgcc.a(muldf3.o)
 .ARM.attributes
                0x00000865       0x2c /home/frank/st/stm32cubeide_1.17.0/plugins/com.st.stm32cube.ide.mcu.externaltools.gnu-tools-for-stm32.12.3.rel1.linux64_1.1.0.202410170702/tools/bin/../lib/gcc/arm-none-eabi/12.3.1/thumb/v6-m/nofp/libgcc.a(subdf3.o)
 .ARM.attributes
                0x00000891       0x2c /home/frank/st/stm32cubeide_1.17.0/plugins/com.st.stm32cube.ide.mcu.externaltools.gnu-tools-for-stm32.12.3.rel1.linux64_1.1.0.202410170702/tools/bin/../lib/gcc/arm-none-eabi/12.3.1/thumb/v6-m/nofp/libgcc.a(floatsidf.o)
 .ARM.attributes
                0x000008bd       0x2c /home/frank/st/stm32cubeide_1.17.0/plugins/com.st.stm32cube.ide.mcu.externaltools.gnu-tools-for-stm32.12.3.rel1.linux64_1.1.0.202410170702/tools/bin/../lib/gcc/arm-none-eabi/12.3.1/thumb/v6-m/nofp/libgcc.a(extendsfdf2.o)
 .ARM.attributes
                0x000008e9       0x2c /home/frank/st/stm32cubeide_1.17.0/plugins/com.st.stm32cube.ide.mcu.externaltools.gnu-tools-for-stm32.12.3.rel1.linux64_1.1.0.202410170702/tools/bin/../lib/gcc/arm-none-eabi/12.3.1/thumb/v6-m/nofp/libgcc.a(truncdfsf2.o)
 .ARM.attributes
                0x00000915       0x1e /home/frank/st/stm32cubeide_1.17.0/plugins/com.st.stm32cube.ide.mcu.externaltools.gnu-tools-for-stm32.12.3.rel1.linux64_1.1.0.202410170702/tools/bin/../lib/gcc/arm-none-eabi/12.3.1/thumb/v6-m/nofp/libgcc.a(_clzsi2.o)
 .ARM.attributes
                0x00000933       0x1e /home/frank/st/stm32cubeide_1.17.0/plugins/com.st.stm32cube.ide.mcu.externaltools.gnu-tools-for-stm32.12.3.rel1.linux64_1.1.0.202410170702/tools/bin/../lib/gcc/arm-none-eabi/12.3.1/thumb/v6-m/nofp/crtn.o
OUTPUT(climate_info_f042k6.elf elf32-littlearm)
LOAD linker stubs
LOAD /home/frank/st/stm32cubeide_1.17.0/plugins/com.st.stm32cube.ide.mcu.externaltools.gnu-tools-for-stm32.12.3.rel1.linux64_1.1.0.202410170702/tools/bin/../lib/gcc/arm-none-eabi/12.3.1/../../../../arm-none-eabi/lib/thumb/v6-m/nofp/libc.a
LOAD /home/frank/st/stm32cubeide_1.17.0/plugins/com.st.stm32cube.ide.mcu.externaltools.gnu-tools-for-stm32.12.3.rel1.linux64_1.1.0.202410170702/tools/bin/../lib/gcc/arm-none-eabi/12.3.1/../../../../arm-none-eabi/lib/thumb/v6-m/nofp/libm.a
LOAD /home/frank/st/stm32cubeide_1.17.0/plugins/com.st.stm32cube.ide.mcu.externaltools.gnu-tools-for-stm32.12.3.rel1.linux64_1.1.0.202410170702/tools/bin/../lib/gcc/arm-none-eabi/12.3.1/thumb/v6-m/nofp/libgcc.a

.debug_info     0x00000000     0xcdbd
 .debug_info    0x00000000      0xab3 ./Core/Src/eeprom_climate_data.o
 .debug_info    0x00000ab3      0x82f ./Core/Src/lcd.o
 .debug_info    0x000012e2     0x1434 ./Core/Src/main.o
 .debug_info    0x00002716      0x725 ./Core/Src/sht41.o
 .debug_info    0x00002e3b      0xd5b ./Core/Src/stm32f0xx_hal_msp.o
 .debug_info    0x00003b96      0x659 ./Core/Src/stm32f0xx_it.o
 .debug_info    0x000041ef      0x168 ./Core/Src/sysmem.o
 .debug_info    0x00004357      0x242 ./Core/Src/system_stm32f0xx.o
 .debug_info    0x00004599       0x30 ./Core/Startup/startup_stm32f042k6tx.o
 .debug_info    0x000045c9      0x69d ./Drivers/STM32F0xx_HAL_Driver/Src/stm32f0xx_hal.o
 .debug_info    0x00004c66      0x6a7 ./Drivers/STM32F0xx_HAL_Driver/Src/stm32f0xx_hal_cortex.o
 .debug_info    0x0000530d      0x5a6 ./Drivers/STM32F0xx_HAL_Driver/Src/stm32f0xx_hal_gpio.o
 .debug_info    0x000058b3     0x20c5 ./Drivers/STM32F0xx_HAL_Driver/Src/stm32f0xx_hal_i2c.o
 .debug_info    0x00007978      0x824 ./Drivers/STM32F0xx_HAL_Driver/Src/stm32f0xx_hal_i2c_ex.o
 .debug_info    0x0000819c      0x83f ./Drivers/STM32F0xx_HAL_Driver/Src/stm32f0xx_hal_rcc.o
 .debug_info    0x000089db      0x600 ./Drivers/STM32F0xx_HAL_Driver/Src/stm32f0xx_hal_rcc_ex.o
 .debug_info    0x00008fdb     0x2950 ./Drivers/STM32F0xx_HAL_Driver/Src/stm32f0xx_hal_tim.o
 .debug_info    0x0000b92b     0x1492 ./Drivers/STM32F0xx_HAL_Driver/Src/stm32f0xx_hal_tim_ex.o

.debug_abbrev   0x00000000     0x223c
 .debug_abbrev  0x00000000      0x240 ./Core/Src/eeprom_climate_data.o
 .debug_abbrev  0x00000240      0x1d2 ./Core/Src/lcd.o
 .debug_abbrev  0x00000412      0x30e ./Core/Src/main.o
 .debug_abbrev  0x00000720      0x189 ./Core/Src/sht41.o
 .debug_abbrev  0x000008a9      0x1e2 ./Core/Src/stm32f0xx_hal_msp.o
 .debug_abbrev  0x00000a8b      0x192 ./Core/Src/stm32f0xx_it.o
 .debug_abbrev  0x00000c1d       0xbc ./Core/Src/sysmem.o
 .debug_abbrev  0x00000cd9      0x11c ./Core/Src/system_stm32f0xx.o
 .debug_abbrev  0x00000df5       0x24 ./Core/Startup/startup_stm32f042k6tx.o
 .debug_abbrev  0x00000e19      0x247 ./Drivers/STM32F0xx_HAL_Driver/Src/stm32f0xx_hal.o
 .debug_abbrev  0x00001060      0x28c ./Drivers/STM32F0xx_HAL_Driver/Src/stm32f0xx_hal_cortex.o
 .debug_abbrev  0x000012ec      0x1cb ./Drivers/STM32F0xx_HAL_Driver/Src/stm32f0xx_hal_gpio.o
 .debug_abbrev  0x000014b7      0x261 ./Drivers/STM32F0xx_HAL_Driver/Src/stm32f0xx_hal_i2c.o
 .debug_abbrev  0x00001718      0x1c3 ./Drivers/STM32F0xx_HAL_Driver/Src/stm32f0xx_hal_i2c_ex.o
 .debug_abbrev  0x000018db      0x28c ./Drivers/STM32F0xx_HAL_Driver/Src/stm32f0xx_hal_rcc.o
 .debug_abbrev  0x00001b67      0x1da ./Drivers/STM32F0xx_HAL_Driver/Src/stm32f0xx_hal_rcc_ex.o
 .debug_abbrev  0x00001d41      0x278 ./Drivers/STM32F0xx_HAL_Driver/Src/stm32f0xx_hal_tim.o
 .debug_abbrev  0x00001fb9      0x283 ./Drivers/STM32F0xx_HAL_Driver/Src/stm32f0xx_hal_tim_ex.o

.debug_aranges  0x00000000      0xd40
 .debug_aranges
                0x00000000       0x60 ./Core/Src/eeprom_climate_data.o
 .debug_aranges
                0x00000060       0x50 ./Core/Src/lcd.o
 .debug_aranges
                0x000000b0       0x78 ./Core/Src/main.o
 .debug_aranges
                0x00000128       0x20 ./Core/Src/sht41.o
 .debug_aranges
                0x00000148       0x40 ./Core/Src/stm32f0xx_hal_msp.o
 .debug_aranges
                0x00000188       0x48 ./Core/Src/stm32f0xx_it.o
 .debug_aranges
                0x000001d0       0x20 ./Core/Src/sysmem.o
 .debug_aranges
                0x000001f0       0x28 ./Core/Src/system_stm32f0xx.o
 .debug_aranges
                0x00000218       0x28 ./Core/Startup/startup_stm32f042k6tx.o
 .debug_aranges
                0x00000240       0xd0 ./Drivers/STM32F0xx_HAL_Driver/Src/stm32f0xx_hal.o
 .debug_aranges
                0x00000310       0xc0 ./Drivers/STM32F0xx_HAL_Driver/Src/stm32f0xx_hal_cortex.o
 .debug_aranges
                0x000003d0       0x58 ./Drivers/STM32F0xx_HAL_Driver/Src/stm32f0xx_hal_gpio.o
 .debug_aranges
                0x00000428      0x2a0 ./Drivers/STM32F0xx_HAL_Driver/Src/stm32f0xx_hal_i2c.o
 .debug_aranges
                0x000006c8       0x48 ./Drivers/STM32F0xx_HAL_Driver/Src/stm32f0xx_hal_i2c_ex.o
 .debug_aranges
                0x00000710       0x80 ./Drivers/STM32F0xx_HAL_Driver/Src/stm32f0xx_hal_rcc.o
 .debug_aranges
                0x00000790       0x78 ./Drivers/STM32F0xx_HAL_Driver/Src/stm32f0xx_hal_rcc_ex.o
 .debug_aranges
                0x00000808      0x3d0 ./Drivers/STM32F0xx_HAL_Driver/Src/stm32f0xx_hal_tim.o
 .debug_aranges
                0x00000bd8      0x168 ./Drivers/STM32F0xx_HAL_Driver/Src/stm32f0xx_hal_tim_ex.o

.debug_rnglists
                0x00000000      0xa63
 .debug_rnglists
                0x00000000       0x4a ./Core/Src/eeprom_climate_data.o
 .debug_rnglists
                0x0000004a       0x3a ./Core/Src/lcd.o
 .debug_rnglists
                0x00000084       0x6a ./Core/Src/main.o
 .debug_rnglists
                0x000000ee       0x14 ./Core/Src/sht41.o
 .debug_rnglists
                0x00000102       0x2c ./Core/Src/stm32f0xx_hal_msp.o
 .debug_rnglists
                0x0000012e       0x31 ./Core/Src/stm32f0xx_it.o
 .debug_rnglists
                0x0000015f       0x13 ./Core/Src/sysmem.o
 .debug_rnglists
                0x00000172       0x1a ./Core/Src/system_stm32f0xx.o
 .debug_rnglists
                0x0000018c       0x1a ./Core/Startup/startup_stm32f042k6tx.o
 .debug_rnglists
                0x000001a6       0x97 ./Drivers/STM32F0xx_HAL_Driver/Src/stm32f0xx_hal.o
 .debug_rnglists
                0x0000023d       0x8c ./Drivers/STM32F0xx_HAL_Driver/Src/stm32f0xx_hal_cortex.o
 .debug_rnglists
                0x000002c9       0x3f ./Drivers/STM32F0xx_HAL_Driver/Src/stm32f0xx_hal_gpio.o
 .debug_rnglists
                0x00000308      0x229 ./Drivers/STM32F0xx_HAL_Driver/Src/stm32f0xx_hal_i2c.o
 .debug_rnglists
                0x00000531       0x35 ./Drivers/STM32F0xx_HAL_Driver/Src/stm32f0xx_hal_i2c_ex.o
 .debug_rnglists
                0x00000566       0x61 ./Drivers/STM32F0xx_HAL_Driver/Src/stm32f0xx_hal_rcc.o
 .debug_rnglists
                0x000005c7       0x5a ./Drivers/STM32F0xx_HAL_Driver/Src/stm32f0xx_hal_rcc_ex.o
 .debug_rnglists
                0x00000621      0x31c ./Drivers/STM32F0xx_HAL_Driver/Src/stm32f0xx_hal_tim.o
 .debug_rnglists
                0x0000093d      0x126 ./Drivers/STM32F0xx_HAL_Driver/Src/stm32f0xx_hal_tim_ex.o

.debug_macro    0x00000000     0x28f5
 .debug_macro   0x00000000      0x29e ./Core/Src/eeprom_climate_data.o
 .debug_macro   0x0000029e       0x22 ./Core/Src/eeprom_climate_data.o
 .debug_macro   0x000002c0       0x10 ./Core/Src/eeprom_climate_data.o
 .debug_macro   0x000002d0       0x61 ./Core/Src/eeprom_climate_data.o
 .debug_macro   0x00000331       0x24 ./Core/Src/eeprom_climate_data.o
 .debug_macro   0x00000355       0x43 ./Core/Src/eeprom_climate_data.o
 .debug_macro   0x00000398       0x34 ./Core/Src/eeprom_climate_data.o
 .debug_macro   0x000003cc       0x16 ./Core/Src/eeprom_climate_data.o
 .debug_macro   0x000003e2       0x43 ./Core/Src/eeprom_climate_data.o
 .debug_macro   0x00000425       0x34 ./Core/Src/eeprom_climate_data.o
 .debug_macro   0x00000459       0x10 ./Core/Src/eeprom_climate_data.o
 .debug_macro   0x00000469       0x58 ./Core/Src/eeprom_climate_data.o
 .debug_macro   0x000004c1       0x8e ./Core/Src/eeprom_climate_data.o
 .debug_macro   0x0000054f       0x1c ./Core/Src/eeprom_climate_data.o
 .debug_macro   0x0000056b      0x177 ./Core/Src/eeprom_climate_data.o
 .debug_macro   0x000006e2      0x369 ./Core/Src/eeprom_climate_data.o
 .debug_macro   0x00000a4b       0x10 ./Core/Src/eeprom_climate_data.o
 .debug_macro   0x00000a5b       0x35 ./Core/Src/eeprom_climate_data.o
 .debug_macro   0x00000a90       0x20 ./Core/Src/eeprom_climate_data.o
 .debug_macro   0x00000ab0      0x1c8 ./Core/Src/lcd.o
 .debug_macro   0x00000c78      0x1f0 ./Core/Src/main.o
 .debug_macro   0x00000e68       0x28 ./Core/Src/main.o
 .debug_macro   0x00000e90      0x1c8 ./Core/Src/sht41.o
 .debug_macro   0x00001058      0x1b8 ./Core/Src/stm32f0xx_hal_msp.o
 .debug_macro   0x00001210      0x1c2 ./Core/Src/stm32f0xx_it.o
 .debug_macro   0x000013d2       0xff ./Core/Src/sysmem.o
 .debug_macro   0x000014d1      0x23c ./Core/Src/sysmem.o
 .debug_macro   0x0000170d      0x1ae ./Core/Src/system_stm32f0xx.o
 .debug_macro   0x000018bb      0x1d2 ./Drivers/STM32F0xx_HAL_Driver/Src/stm32f0xx_hal.o
 .debug_macro   0x00001a8d      0x1ae ./Drivers/STM32F0xx_HAL_Driver/Src/stm32f0xx_hal_cortex.o
 .debug_macro   0x00001c3b      0x1b5 ./Drivers/STM32F0xx_HAL_Driver/Src/stm32f0xx_hal_gpio.o
 .debug_macro   0x00001df0      0x27a ./Drivers/STM32F0xx_HAL_Driver/Src/stm32f0xx_hal_i2c.o
 .debug_macro   0x0000206a      0x1ae ./Drivers/STM32F0xx_HAL_Driver/Src/stm32f0xx_hal_i2c_ex.o
 .debug_macro   0x00002218      0x1c0 ./Drivers/STM32F0xx_HAL_Driver/Src/stm32f0xx_hal_rcc.o
 .debug_macro   0x000023d8      0x1c0 ./Drivers/STM32F0xx_HAL_Driver/Src/stm32f0xx_hal_rcc_ex.o
 .debug_macro   0x00002598      0x1af ./Drivers/STM32F0xx_HAL_Driver/Src/stm32f0xx_hal_tim.o
 .debug_macro   0x00002747      0x1ae ./Drivers/STM32F0xx_HAL_Driver/Src/stm32f0xx_hal_tim_ex.o

.debug_line     0x00000000    0x1050c
 .debug_line    0x00000000      0xad0 ./Core/Src/eeprom_climate_data.o
 .debug_line    0x00000ad0      0x792 ./Core/Src/lcd.o
 .debug_line    0x00001262      0x9b0 ./Core/Src/main.o
 .debug_line    0x00001c12      0x710 ./Core/Src/sht41.o
 .debug_line    0x00002322      0x719 ./Core/Src/stm32f0xx_hal_msp.o
 .debug_line    0x00002a3b      0x70d ./Core/Src/stm32f0xx_it.o
 .debug_line    0x00003148      0x4d1 ./Core/Src/sysmem.o
 .debug_line    0x00003619      0x718 ./Core/Src/system_stm32f0xx.o
 .debug_line    0x00003d31       0x8d ./Core/Startup/startup_stm32f042k6tx.o
 .debug_line    0x00003dbe      0x90b ./Drivers/STM32F0xx_HAL_Driver/Src/stm32f0xx_hal.o
 .debug_line    0x000046c9      0x9b7 ./Drivers/STM32F0xx_HAL_Driver/Src/stm32f0xx_hal_cortex.o
 .debug_line    0x00005080      0xa91 ./Drivers/STM32F0xx_HAL_Driver/Src/stm32f0xx_hal_gpio.o
 .debug_line    0x00005b11     0x39c5 ./Drivers/STM32F0xx_HAL_Driver/Src/stm32f0xx_hal_i2c.o
 .debug_line    0x000094d6      0x8ae ./Drivers/STM32F0xx_HAL_Driver/Src/stm32f0xx_hal_i2c_ex.o
 .debug_line    0x00009d84      0xd98 ./Drivers/STM32F0xx_HAL_Driver/Src/stm32f0xx_hal_rcc.o
 .debug_line    0x0000ab1c      0xb4c ./Drivers/STM32F0xx_HAL_Driver/Src/stm32f0xx_hal_rcc_ex.o
 .debug_line    0x0000b668     0x362d ./Drivers/STM32F0xx_HAL_Driver/Src/stm32f0xx_hal_tim.o
 .debug_line    0x0000ec95     0x1877 ./Drivers/STM32F0xx_HAL_Driver/Src/stm32f0xx_hal_tim_ex.o

.debug_str      0x00000000    0x8e1b0
 .debug_str     0x00000000    0x8a26b ./Core/Src/eeprom_climate_data.o
                              0x8a5bd (size before relaxing)
 .debug_str     0x0008a26b      0x106 ./Core/Src/lcd.o
                              0x87289 (size before relaxing)
 .debug_str     0x0008a371      0x949 ./Core/Src/main.o
                              0x87d7b (size before relaxing)
 .debug_str     0x0008acba       0x82 ./Core/Src/sht41.o
                              0x8726e (size before relaxing)
 .debug_str     0x0008ad3c      0x20c ./Core/Src/stm32f0xx_hal_msp.o
                              0x8777e (size before relaxing)
 .debug_str     0x0008af48       0xa5 ./Core/Src/stm32f0xx_it.o
                              0x871f3 (size before relaxing)
 .debug_str     0x0008afed      0x4dc ./Core/Src/sysmem.o
                               0x5fc5 (size before relaxing)
 .debug_str     0x0008b4c9       0x8b ./Core/Src/system_stm32f0xx.o
                              0x86d7a (size before relaxing)
 .debug_str     0x0008b554       0x44 ./Core/Startup/startup_stm32f042k6tx.o
                                 0x80 (size before relaxing)
 .debug_str     0x0008b598      0x37a ./Drivers/STM32F0xx_HAL_Driver/Src/stm32f0xx_hal.o
                              0x8732c (size before relaxing)
 .debug_str     0x0008b912      0x1ab ./Drivers/STM32F0xx_HAL_Driver/Src/stm32f0xx_hal_cortex.o
                              0x8711d (size before relaxing)
 .debug_str     0x0008babd      0x102 ./Drivers/STM32F0xx_HAL_Driver/Src/stm32f0xx_hal_gpio.o
                              0x86f1b (size before relaxing)
 .debug_str     0x0008bbbf      0xe37 ./Drivers/STM32F0xx_HAL_Driver/Src/stm32f0xx_hal_i2c.o
                              0x880d8 (size before relaxing)
 .debug_str     0x0008c9f6       0xb8 ./Drivers/STM32F0xx_HAL_Driver/Src/stm32f0xx_hal_i2c_ex.o
                              0x872d8 (size before relaxing)
 .debug_str     0x0008caae      0x20f ./Drivers/STM32F0xx_HAL_Driver/Src/stm32f0xx_hal_rcc.o
                              0x871c1 (size before relaxing)
 .debug_str     0x0008ccbd      0x2af ./Drivers/STM32F0xx_HAL_Driver/Src/stm32f0xx_hal_rcc_ex.o
                              0x87164 (size before relaxing)
 .debug_str     0x0008cf6c      0xdb1 ./Drivers/STM32F0xx_HAL_Driver/Src/stm32f0xx_hal_tim.o
                              0x88190 (size before relaxing)
 .debug_str     0x0008dd1d      0x493 ./Drivers/STM32F0xx_HAL_Driver/Src/stm32f0xx_hal_tim_ex.o
                              0x8799c (size before relaxing)

.comment        0x00000000       0x43
 .comment       0x00000000       0x43 ./Core/Src/eeprom_climate_data.o
                                 0x44 (size before relaxing)
 .comment       0x00000043       0x44 ./Core/Src/lcd.o
 .comment       0x00000043       0x44 ./Core/Src/main.o
 .comment       0x00000043       0x44 ./Core/Src/sht41.o
 .comment       0x00000043       0x44 ./Core/Src/stm32f0xx_hal_msp.o
 .comment       0x00000043       0x44 ./Core/Src/stm32f0xx_it.o
 .comment       0x00000043       0x44 ./Core/Src/sysmem.o
 .comment       0x00000043       0x44 ./Core/Src/system_stm32f0xx.o
 .comment       0x00000043       0x44 ./Drivers/STM32F0xx_HAL_Driver/Src/stm32f0xx_hal.o
 .comment       0x00000043       0x44 ./Drivers/STM32F0xx_HAL_Driver/Src/stm32f0xx_hal_cortex.o
 .comment       0x00000043       0x44 ./Drivers/STM32F0xx_HAL_Driver/Src/stm32f0xx_hal_gpio.o
 .comment       0x00000043       0x44 ./Drivers/STM32F0xx_HAL_Driver/Src/stm32f0xx_hal_i2c.o
 .comment       0x00000043       0x44 ./Drivers/STM32F0xx_HAL_Driver/Src/stm32f0xx_hal_i2c_ex.o
 .comment       0x00000043       0x44 ./Drivers/STM32F0xx_HAL_Driver/Src/stm32f0xx_hal_rcc.o
 .comment       0x00000043       0x44 ./Drivers/STM32F0xx_HAL_Driver/Src/stm32f0xx_hal_rcc_ex.o
 .comment       0x00000043       0x44 ./Drivers/STM32F0xx_HAL_Driver/Src/stm32f0xx_hal_tim.o
 .comment       0x00000043       0x44 ./Drivers/STM32F0xx_HAL_Driver/Src/stm32f0xx_hal_tim_ex.o

.debug_frame    0x00000000     0x3680
 .debug_frame   0x00000000      0x144 ./Core/Src/eeprom_climate_data.o
 .debug_frame   0x00000144       0xf8 ./Core/Src/lcd.o
 .debug_frame   0x0000023c      0x194 ./Core/Src/main.o
 .debug_frame   0x000003d0       0x30 ./Core/Src/sht41.o
 .debug_frame   0x00000400       0xb0 ./Core/Src/stm32f0xx_hal_msp.o
 .debug_frame   0x000004b0       0xb8 ./Core/Src/stm32f0xx_it.o
 .debug_frame   0x00000568       0x30 ./Core/Src/sysmem.o
 .debug_frame   0x00000598       0x4c ./Core/Src/system_stm32f0xx.o
 .debug_frame   0x000005e4      0x2a4 ./Drivers/STM32F0xx_HAL_Driver/Src/stm32f0xx_hal.o
 .debug_frame   0x00000888      0x2a0 ./Drivers/STM32F0xx_HAL_Driver/Src/stm32f0xx_hal_cortex.o
 .debug_frame   0x00000b28      0x110 ./Drivers/STM32F0xx_HAL_Driver/Src/stm32f0xx_hal_gpio.o
 .debug_frame   0x00000c38      0xa68 ./Drivers/STM32F0xx_HAL_Driver/Src/stm32f0xx_hal_i2c.o
 .debug_frame   0x000016a0       0xd0 ./Drivers/STM32F0xx_HAL_Driver/Src/stm32f0xx_hal_i2c_ex.o
 .debug_frame   0x00001770      0x198 ./Drivers/STM32F0xx_HAL_Driver/Src/stm32f0xx_hal_rcc.o
 .debug_frame   0x00001908      0x180 ./Drivers/STM32F0xx_HAL_Driver/Src/stm32f0xx_hal_rcc_ex.o
 .debug_frame   0x00001a88      0xf00 ./Drivers/STM32F0xx_HAL_Driver/Src/stm32f0xx_hal_tim.o
 .debug_frame   0x00002988      0x560 ./Drivers/STM32F0xx_HAL_Driver/Src/stm32f0xx_hal_tim_ex.o
 .debug_frame   0x00002ee8      0x138 /home/frank/st/stm32cubeide_1.17.0/plugins/com.st.stm32cube.ide.mcu.externaltools.gnu-tools-for-stm32.12.3.rel1.linux64_1.1.0.202410170702/tools/bin/../lib/gcc/arm-none-eabi/12.3.1/../../../../arm-none-eabi/lib/thumb/v6-m/nofp/libc_nano.a(libc_a-findfp.o)
 .debug_frame   0x00003020       0x48 /home/frank/st/stm32cubeide_1.17.0/plugins/com.st.stm32cube.ide.mcu.externaltools.gnu-tools-for-stm32.12.3.rel1.linux64_1.1.0.202410170702/tools/bin/../lib/gcc/arm-none-eabi/12.3.1/../../../../arm-none-eabi/lib/thumb/v6-m/nofp/libc_nano.a(libc_a-sprintf.o)
 .debug_frame   0x00003068       0x20 /home/frank/st/stm32cubeide_1.17.0/plugins/com.st.stm32cube.ide.mcu.externaltools.gnu-tools-for-stm32.12.3.rel1.linux64_1.1.0.202410170702/tools/bin/../lib/gcc/arm-none-eabi/12.3.1/../../../../arm-none-eabi/lib/thumb/v6-m/nofp/libc_nano.a(libc_a-memset.o)
 .debug_frame   0x00003088       0x2c /home/frank/st/stm32cubeide_1.17.0/plugins/com.st.stm32cube.ide.mcu.externaltools.gnu-tools-for-stm32.12.3.rel1.linux64_1.1.0.202410170702/tools/bin/../lib/gcc/arm-none-eabi/12.3.1/../../../../arm-none-eabi/lib/thumb/v6-m/nofp/libc_nano.a(libc_a-reent.o)
 .debug_frame   0x000030b4       0x20 /home/frank/st/stm32cubeide_1.17.0/plugins/com.st.stm32cube.ide.mcu.externaltools.gnu-tools-for-stm32.12.3.rel1.linux64_1.1.0.202410170702/tools/bin/../lib/gcc/arm-none-eabi/12.3.1/../../../../arm-none-eabi/lib/thumb/v6-m/nofp/libc_nano.a(libc_a-errno.o)
 .debug_frame   0x000030d4       0x2c /home/frank/st/stm32cubeide_1.17.0/plugins/com.st.stm32cube.ide.mcu.externaltools.gnu-tools-for-stm32.12.3.rel1.linux64_1.1.0.202410170702/tools/bin/../lib/gcc/arm-none-eabi/12.3.1/../../../../arm-none-eabi/lib/thumb/v6-m/nofp/libc_nano.a(libc_a-init.o)
 .debug_frame   0x00003100       0xb0 /home/frank/st/stm32cubeide_1.17.0/plugins/com.st.stm32cube.ide.mcu.externaltools.gnu-tools-for-stm32.12.3.rel1.linux64_1.1.0.202410170702/tools/bin/../lib/gcc/arm-none-eabi/12.3.1/../../../../arm-none-eabi/lib/thumb/v6-m/nofp/libc_nano.a(libc_a-lock.o)
 .debug_frame   0x000031b0       0x28 /home/frank/st/stm32cubeide_1.17.0/plugins/com.st.stm32cube.ide.mcu.externaltools.gnu-tools-for-stm32.12.3.rel1.linux64_1.1.0.202410170702/tools/bin/../lib/gcc/arm-none-eabi/12.3.1/../../../../arm-none-eabi/lib/thumb/v6-m/nofp/libc_nano.a(libc_a-memcpy-stub.o)
 .debug_frame   0x000031d8       0x2c /home/frank/st/stm32cubeide_1.17.0/plugins/com.st.stm32cube.ide.mcu.externaltools.gnu-tools-for-stm32.12.3.rel1.linux64_1.1.0.202410170702/tools/bin/../lib/gcc/arm-none-eabi/12.3.1/../../../../arm-none-eabi/lib/thumb/v6-m/nofp/libc_nano.a(libc_a-freer.o)
 .debug_frame   0x00003204       0x50 /home/frank/st/stm32cubeide_1.17.0/plugins/com.st.stm32cube.ide.mcu.externaltools.gnu-tools-for-stm32.12.3.rel1.linux64_1.1.0.202410170702/tools/bin/../lib/gcc/arm-none-eabi/12.3.1/../../../../arm-none-eabi/lib/thumb/v6-m/nofp/libc_nano.a(libc_a-mallocr.o)
 .debug_frame   0x00003254       0x40 /home/frank/st/stm32cubeide_1.17.0/plugins/com.st.stm32cube.ide.mcu.externaltools.gnu-tools-for-stm32.12.3.rel1.linux64_1.1.0.202410170702/tools/bin/../lib/gcc/arm-none-eabi/12.3.1/../../../../arm-none-eabi/lib/thumb/v6-m/nofp/libc_nano.a(libc_a-mlock.o)
 .debug_frame   0x00003294       0x74 /home/frank/st/stm32cubeide_1.17.0/plugins/com.st.stm32cube.ide.mcu.externaltools.gnu-tools-for-stm32.12.3.rel1.linux64_1.1.0.202410170702/tools/bin/../lib/gcc/arm-none-eabi/12.3.1/../../../../arm-none-eabi/lib/thumb/v6-m/nofp/libc_nano.a(libc_a-nano-svfprintf.o)
 .debug_frame   0x00003308       0x54 /home/frank/st/stm32cubeide_1.17.0/plugins/com.st.stm32cube.ide.mcu.externaltools.gnu-tools-for-stm32.12.3.rel1.linux64_1.1.0.202410170702/tools/bin/../lib/gcc/arm-none-eabi/12.3.1/../../../../arm-none-eabi/lib/thumb/v6-m/nofp/libc_nano.a(libc_a-nano-vfprintf_i.o)
 .debug_frame   0x0000335c       0x28 /home/frank/st/stm32cubeide_1.17.0/plugins/com.st.stm32cube.ide.mcu.externaltools.gnu-tools-for-stm32.12.3.rel1.linux64_1.1.0.202410170702/tools/bin/../lib/gcc/arm-none-eabi/12.3.1/../../../../arm-none-eabi/lib/thumb/v6-m/nofp/libc_nano.a(libc_a-memmove.o)
 .debug_frame   0x00003384       0x2c /home/frank/st/stm32cubeide_1.17.0/plugins/com.st.stm32cube.ide.mcu.externaltools.gnu-tools-for-stm32.12.3.rel1.linux64_1.1.0.202410170702/tools/bin/../lib/gcc/arm-none-eabi/12.3.1/../../../../arm-none-eabi/lib/thumb/v6-m/nofp/libc_nano.a(libc_a-sbrkr.o)
 .debug_frame   0x000033b0       0x20 /home/frank/st/stm32cubeide_1.17.0/plugins/com.st.stm32cube.ide.mcu.externaltools.gnu-tools-for-stm32.12.3.rel1.linux64_1.1.0.202410170702/tools/bin/../lib/gcc/arm-none-eabi/12.3.1/../../../../arm-none-eabi/lib/thumb/v6-m/nofp/libc_nano.a(libc_a-memchr-stub.o)
 .debug_frame   0x000033d0       0x34 /home/frank/st/stm32cubeide_1.17.0/plugins/com.st.stm32cube.ide.mcu.externaltools.gnu-tools-for-stm32.12.3.rel1.linux64_1.1.0.202410170702/tools/bin/../lib/gcc/arm-none-eabi/12.3.1/../../../../arm-none-eabi/lib/thumb/v6-m/nofp/libc_nano.a(libc_a-reallocr.o)
 .debug_frame   0x00003404       0x20 /home/frank/st/stm32cubeide_1.17.0/plugins/com.st.stm32cube.ide.mcu.externaltools.gnu-tools-for-stm32.12.3.rel1.linux64_1.1.0.202410170702/tools/bin/../lib/gcc/arm-none-eabi/12.3.1/../../../../arm-none-eabi/lib/thumb/v6-m/nofp/libc_nano.a(libc_a-msizer.o)
 .debug_frame   0x00003424       0x20 /home/frank/st/stm32cubeide_1.17.0/plugins/com.st.stm32cube.ide.mcu.externaltools.gnu-tools-for-stm32.12.3.rel1.linux64_1.1.0.202410170702/tools/bin/../lib/gcc/arm-none-eabi/12.3.1/thumb/v6-m/nofp/libgcc.a(_udivsi3.o)
 .debug_frame   0x00003444       0x20 /home/frank/st/stm32cubeide_1.17.0/plugins/com.st.stm32cube.ide.mcu.externaltools.gnu-tools-for-stm32.12.3.rel1.linux64_1.1.0.202410170702/tools/bin/../lib/gcc/arm-none-eabi/12.3.1/thumb/v6-m/nofp/libgcc.a(_divsi3.o)
 .debug_frame   0x00003464       0x2c /home/frank/st/stm32cubeide_1.17.0/plugins/com.st.stm32cube.ide.mcu.externaltools.gnu-tools-for-stm32.12.3.rel1.linux64_1.1.0.202410170702/tools/bin/../lib/gcc/arm-none-eabi/12.3.1/thumb/v6-m/nofp/libgcc.a(eqsf2.o)
 .debug_frame   0x00003490       0x2c /home/frank/st/stm32cubeide_1.17.0/plugins/com.st.stm32cube.ide.mcu.externaltools.gnu-tools-for-stm32.12.3.rel1.linux64_1.1.0.202410170702/tools/bin/../lib/gcc/arm-none-eabi/12.3.1/thumb/v6-m/nofp/libgcc.a(gesf2.o)
 .debug_frame   0x000034bc       0x2c /home/frank/st/stm32cubeide_1.17.0/plugins/com.st.stm32cube.ide.mcu.externaltools.gnu-tools-for-stm32.12.3.rel1.linux64_1.1.0.202410170702/tools/bin/../lib/gcc/arm-none-eabi/12.3.1/thumb/v6-m/nofp/libgcc.a(lesf2.o)
 .debug_frame   0x000034e8       0x20 /home/frank/st/stm32cubeide_1.17.0/plugins/com.st.stm32cube.ide.mcu.externaltools.gnu-tools-for-stm32.12.3.rel1.linux64_1.1.0.202410170702/tools/bin/../lib/gcc/arm-none-eabi/12.3.1/thumb/v6-m/nofp/libgcc.a(fixsfsi.o)
 .debug_frame   0x00003508       0x3c /home/frank/st/stm32cubeide_1.17.0/plugins/com.st.stm32cube.ide.mcu.externaltools.gnu-tools-for-stm32.12.3.rel1.linux64_1.1.0.202410170702/tools/bin/../lib/gcc/arm-none-eabi/12.3.1/thumb/v6-m/nofp/libgcc.a(adddf3.o)
 .debug_frame   0x00003544       0x3c /home/frank/st/stm32cubeide_1.17.0/plugins/com.st.stm32cube.ide.mcu.externaltools.gnu-tools-for-stm32.12.3.rel1.linux64_1.1.0.202410170702/tools/bin/../lib/gcc/arm-none-eabi/12.3.1/thumb/v6-m/nofp/libgcc.a(divdf3.o)
 .debug_frame   0x00003580       0x3c /home/frank/st/stm32cubeide_1.17.0/plugins/com.st.stm32cube.ide.mcu.externaltools.gnu-tools-for-stm32.12.3.rel1.linux64_1.1.0.202410170702/tools/bin/../lib/gcc/arm-none-eabi/12.3.1/thumb/v6-m/nofp/libgcc.a(muldf3.o)
 .debug_frame   0x000035bc       0x3c /home/frank/st/stm32cubeide_1.17.0/plugins/com.st.stm32cube.ide.mcu.externaltools.gnu-tools-for-stm32.12.3.rel1.linux64_1.1.0.202410170702/tools/bin/../lib/gcc/arm-none-eabi/12.3.1/thumb/v6-m/nofp/libgcc.a(subdf3.o)
 .debug_frame   0x000035f8       0x2c /home/frank/st/stm32cubeide_1.17.0/plugins/com.st.stm32cube.ide.mcu.externaltools.gnu-tools-for-stm32.12.3.rel1.linux64_1.1.0.202410170702/tools/bin/../lib/gcc/arm-none-eabi/12.3.1/thumb/v6-m/nofp/libgcc.a(floatsidf.o)
 .debug_frame   0x00003624       0x2c /home/frank/st/stm32cubeide_1.17.0/plugins/com.st.stm32cube.ide.mcu.externaltools.gnu-tools-for-stm32.12.3.rel1.linux64_1.1.0.202410170702/tools/bin/../lib/gcc/arm-none-eabi/12.3.1/thumb/v6-m/nofp/libgcc.a(extendsfdf2.o)
 .debug_frame   0x00003650       0x30 /home/frank/st/stm32cubeide_1.17.0/plugins/com.st.stm32cube.ide.mcu.externaltools.gnu-tools-for-stm32.12.3.rel1.linux64_1.1.0.202410170702/tools/bin/../lib/gcc/arm-none-eabi/12.3.1/thumb/v6-m/nofp/libgcc.a(truncdfsf2.o)

.debug_line_str
                0x00000000       0x64
 .debug_line_str
                0x00000000       0x64 ./Core/Startup/startup_stm32f042k6tx.o
