../Core/Src/main.c:87:6:HAL_TIM_PeriodElapsedCallback	32	static
../Core/Src/main.c:195:6:init_lcd_screens	8	static
../Core/Src/main.c:204:6:write_temps_lcd	24	static
../Core/Src/main.c:216:6:lcd_print_current_climate	88	static
../Core/Src/main.c:227:6:lcd_print_minmax_temp	88	static
../Core/Src/main.c:238:6:lcd_print_minmax_hum	88	static
../Core/Src/main.c:279:5:main	24	static,ignoring_inline_asm
../Core/Src/main.c:379:6:SystemClock_Config	112	static
../Core/Src/main.c:422:13:MX_I2C1_Init	8	static
../Core/Src/main.c:470:13:MX_TIM2_Init	32	static
../Core/Src/main.c:515:13:MX_GPIO_Init	48	static
../Core/Src/main.c:553:6:Error_Handler	8	static,ignoring_inline_asm
